../Core/Src/main.c:106:5:main	8	static
../Core/Src/main.c:198:6:SystemClock_Config	96	static
../Core/Src/main.c:248:13:MX_LPUART1_UART_Init	8	static
../Core/Src/main.c:282:13:MX_GPIO_Init	16	static
../Core/Src/main.c:307:6:Start_Producer_Task	16	static
../Core/Src/main.c:328:6:Start_Consumer_Task_1	16	static
../Core/Src/main.c:351:6:Start_Consumer_Task_2	16	static
../Core/Src/main.c:374:6:Start_Consumer_Task_3	16	static
../Core/Src/main.c:398:6:HAL_TIM_PeriodElapsedCallback	16	static
../Core/Src/main.c:415:6:Error_Handler	4	static,ignoring_inline_asm
