Archive member included to satisfy reference by file (symbol)

/opt/st/stm32cubeide_1.13.2_2/plugins/com.st.stm32cube.ide.mcu.externaltools.gnu-tools-for-stm32.11.3.rel1.linux64_1.1.1.202309131626/tools/bin/../lib/gcc/arm-none-eabi/11.3.1/../../../../arm-none-eabi/lib/thumb/v7e-m+fp/hard/libc_nano.a(libc_a-exit.o)
                              /opt/st/stm32cubeide_1.13.2_2/plugins/com.st.stm32cube.ide.mcu.externaltools.gnu-tools-for-stm32.11.3.rel1.linux64_1.1.1.202309131626/tools/bin/../lib/gcc/arm-none-eabi/11.3.1/../../../../arm-none-eabi/lib/thumb/v7e-m+fp/hard/crt0.o (exit)
/opt/st/stm32cubeide_1.13.2_2/plugins/com.st.stm32cube.ide.mcu.externaltools.gnu-tools-for-stm32.11.3.rel1.linux64_1.1.1.202309131626/tools/bin/../lib/gcc/arm-none-eabi/11.3.1/../../../../arm-none-eabi/lib/thumb/v7e-m+fp/hard/libc_nano.a(libc_a-findfp.o)
                              /opt/st/stm32cubeide_1.13.2_2/plugins/com.st.stm32cube.ide.mcu.externaltools.gnu-tools-for-stm32.11.3.rel1.linux64_1.1.1.202309131626/tools/bin/../lib/gcc/arm-none-eabi/11.3.1/../../../../arm-none-eabi/lib/thumb/v7e-m+fp/hard/libc_nano.a(libc_a-exit.o) (__stdio_exit_handler)
/opt/st/stm32cubeide_1.13.2_2/plugins/com.st.stm32cube.ide.mcu.externaltools.gnu-tools-for-stm32.11.3.rel1.linux64_1.1.1.202309131626/tools/bin/../lib/gcc/arm-none-eabi/11.3.1/../../../../arm-none-eabi/lib/thumb/v7e-m+fp/hard/libc_nano.a(libc_a-fwalk.o)
                              /opt/st/stm32cubeide_1.13.2_2/plugins/com.st.stm32cube.ide.mcu.externaltools.gnu-tools-for-stm32.11.3.rel1.linux64_1.1.1.202309131626/tools/bin/../lib/gcc/arm-none-eabi/11.3.1/../../../../arm-none-eabi/lib/thumb/v7e-m+fp/hard/libc_nano.a(libc_a-findfp.o) (_fwalk_sglue)
/opt/st/stm32cubeide_1.13.2_2/plugins/com.st.stm32cube.ide.mcu.externaltools.gnu-tools-for-stm32.11.3.rel1.linux64_1.1.1.202309131626/tools/bin/../lib/gcc/arm-none-eabi/11.3.1/../../../../arm-none-eabi/lib/thumb/v7e-m+fp/hard/libc_nano.a(libc_a-printf.o)
                              ./Core/Src/main.o (printf)
/opt/st/stm32cubeide_1.13.2_2/plugins/com.st.stm32cube.ide.mcu.externaltools.gnu-tools-for-stm32.11.3.rel1.linux64_1.1.1.202309131626/tools/bin/../lib/gcc/arm-none-eabi/11.3.1/../../../../arm-none-eabi/lib/thumb/v7e-m+fp/hard/libc_nano.a(libc_a-puts.o)
                              ./Core/Src/main.o (puts)
/opt/st/stm32cubeide_1.13.2_2/plugins/com.st.stm32cube.ide.mcu.externaltools.gnu-tools-for-stm32.11.3.rel1.linux64_1.1.1.202309131626/tools/bin/../lib/gcc/arm-none-eabi/11.3.1/../../../../arm-none-eabi/lib/thumb/v7e-m+fp/hard/libc_nano.a(libc_a-stdio.o)
                              /opt/st/stm32cubeide_1.13.2_2/plugins/com.st.stm32cube.ide.mcu.externaltools.gnu-tools-for-stm32.11.3.rel1.linux64_1.1.1.202309131626/tools/bin/../lib/gcc/arm-none-eabi/11.3.1/../../../../arm-none-eabi/lib/thumb/v7e-m+fp/hard/libc_nano.a(libc_a-findfp.o) (__sread)
/opt/st/stm32cubeide_1.13.2_2/plugins/com.st.stm32cube.ide.mcu.externaltools.gnu-tools-for-stm32.11.3.rel1.linux64_1.1.1.202309131626/tools/bin/../lib/gcc/arm-none-eabi/11.3.1/../../../../arm-none-eabi/lib/thumb/v7e-m+fp/hard/libc_nano.a(libc_a-wbuf.o)
                              /opt/st/stm32cubeide_1.13.2_2/plugins/com.st.stm32cube.ide.mcu.externaltools.gnu-tools-for-stm32.11.3.rel1.linux64_1.1.1.202309131626/tools/bin/../lib/gcc/arm-none-eabi/11.3.1/../../../../arm-none-eabi/lib/thumb/v7e-m+fp/hard/libc_nano.a(libc_a-puts.o) (__swbuf_r)
/opt/st/stm32cubeide_1.13.2_2/plugins/com.st.stm32cube.ide.mcu.externaltools.gnu-tools-for-stm32.11.3.rel1.linux64_1.1.1.202309131626/tools/bin/../lib/gcc/arm-none-eabi/11.3.1/../../../../arm-none-eabi/lib/thumb/v7e-m+fp/hard/libc_nano.a(libc_a-wsetup.o)
                              /opt/st/stm32cubeide_1.13.2_2/plugins/com.st.stm32cube.ide.mcu.externaltools.gnu-tools-for-stm32.11.3.rel1.linux64_1.1.1.202309131626/tools/bin/../lib/gcc/arm-none-eabi/11.3.1/../../../../arm-none-eabi/lib/thumb/v7e-m+fp/hard/libc_nano.a(libc_a-puts.o) (__swsetup_r)
/opt/st/stm32cubeide_1.13.2_2/plugins/com.st.stm32cube.ide.mcu.externaltools.gnu-tools-for-stm32.11.3.rel1.linux64_1.1.1.202309131626/tools/bin/../lib/gcc/arm-none-eabi/11.3.1/../../../../arm-none-eabi/lib/thumb/v7e-m+fp/hard/libc_nano.a(libc_a-memset.o)
                              /opt/st/stm32cubeide_1.13.2_2/plugins/com.st.stm32cube.ide.mcu.externaltools.gnu-tools-for-stm32.11.3.rel1.linux64_1.1.1.202309131626/tools/bin/../lib/gcc/arm-none-eabi/11.3.1/../../../../arm-none-eabi/lib/thumb/v7e-m+fp/hard/crt0.o (memset)
/opt/st/stm32cubeide_1.13.2_2/plugins/com.st.stm32cube.ide.mcu.externaltools.gnu-tools-for-stm32.11.3.rel1.linux64_1.1.1.202309131626/tools/bin/../lib/gcc/arm-none-eabi/11.3.1/../../../../arm-none-eabi/lib/thumb/v7e-m+fp/hard/libc_nano.a(libc_a-closer.o)
[...]
Memory Configuration

Name             Origin             Length             Attributes
RAM              0x0000000020000000 0x0000000000050000 xrw
RAM2             0x0000000010000000 0x0000000000010000 xrw
FLASH            0x0000000008000000 0x0000000000100000 xr
*default*        0x0000000000000000 0xffffffffffffffff

Linker script and memory map

LOAD /opt/st/stm32cubeide_1.13.2_2/plugins/com.st.stm32cube.ide.mcu.externaltools.gnu-tools-for-stm32.11.3.rel1.linux64_1.1.1.202309131626/tools/bin/../lib/gcc/arm-none-eabi/11.3.1/thumb/v7e-m+fp/hard/crti.o
LOAD /opt/st/stm32cubeide_1.13.2_2/plugins/com.st.stm32cube.ide.mcu.externaltools.gnu-tools-for-stm32.11.3.rel1.linux64_1.1.1.202309131626/tools/bin/../lib/gcc/arm-none-eabi/11.3.1/thumb/v7e-m+fp/hard/crtbegin.o
LOAD /opt/st/stm32cubeide_1.13.2_2/plugins/com.st.stm32cube.ide.mcu.externaltools.gnu-tools-for-stm32.11.3.rel1.linux64_1.1.1.202309131626/tools/bin/../lib/gcc/arm-none-eabi/11.3.1/../../../../arm-none-eabi/lib/thumb/v7e-m+fp/hard/crt0.o
LOAD ./Core/Src/freertos.o
LOAD ./Core/Src/main.o
LOAD ./Core/Src/stm32l4xx_hal_msp.o
LOAD ./Core/Src/stm32l4xx_hal_timebase_tim.o
LOAD ./Core/Src/stm32l4xx_it.o
LOAD ./Core/Src/syscalls.o
LOAD ./Core/Src/sysmem.o
LOAD ./Core/Src/system_stm32l4xx.o
LOAD ./Core/Startup/startup_stm32l4a6zgtx.o
LOAD ./Drivers/STM32L4xx_HAL_Driver/Src/stm32l4xx_hal.o
LOAD ./Drivers/STM32L4xx_HAL_Driver/Src/stm32l4xx_hal_cortex.o
LOAD ./Drivers/STM32L4xx_HAL_Driver/Src/stm32l4xx_hal_dma.o
LOAD ./Drivers/STM32L4xx_HAL_Driver/Src/stm32l4xx_hal_dma_ex.o
LOAD ./Drivers/STM32L4xx_HAL_Driver/Src/stm32l4xx_hal_exti.o
LOAD ./Drivers/STM32L4xx_HAL_Driver/Src/stm32l4xx_hal_flash.o
LOAD ./Drivers/STM32L4xx_HAL_Driver/Src/stm32l4xx_hal_flash_ex.o
LOAD ./Drivers/STM32L4xx_HAL_Driver/Src/stm32l4xx_hal_flash_ramfunc.o
LOAD ./Drivers/STM32L4xx_HAL_Driver/Src/stm32l4xx_hal_gpio.o
LOAD ./Drivers/STM32L4xx_HAL_Driver/Src/stm32l4xx_hal_pwr.o
LOAD ./Drivers/STM32L4xx_HAL_Driver/Src/stm32l4xx_hal_pwr_ex.o
LOAD ./Drivers/STM32L4xx_HAL_Driver/Src/stm32l4xx_hal_rcc.o
LOAD ./Drivers/STM32L4xx_HAL_Driver/Src/stm32l4xx_hal_rcc_ex.o
LOAD ./Drivers/STM32L4xx_HAL_Driver/Src/stm32l4xx_hal_tim.o
LOAD ./Drivers/STM32L4xx_HAL_Driver/Src/stm32l4xx_hal_tim_ex.o
LOAD ./Drivers/STM32L4xx_HAL_Driver/Src/stm32l4xx_hal_uart.o
LOAD ./Drivers/STM32L4xx_HAL_Driver/Src/stm32l4xx_hal_uart_ex.o
LOAD ./Middlewares/Third_Party/FreeRTOS/Source/CMSIS_RTOS_V2/cmsis_os2.o
LOAD ./Middlewares/Third_Party/FreeRTOS/Source/croutine.o
LOAD ./Middlewares/Third_Party/FreeRTOS/Source/event_groups.o
LOAD ./Middlewares/Third_Party/FreeRTOS/Source/list.o
LOAD ./Middlewares/Third_Party/FreeRTOS/Source/queue.o
LOAD ./Middlewares/Third_Party/FreeRTOS/Source/stream_buffer.o
LOAD ./Middlewares/Third_Party/FreeRTOS/Source/tasks.o
LOAD ./Middlewares/Third_Party/FreeRTOS/Source/timers.o
LOAD ./Middlewares/Third_Party/FreeRTOS/Source/portable/GCC/ARM_CM4F/port.o
LOAD ./Middlewares/Third_Party/FreeRTOS/Source/portable/MemMang/heap_4.o
START GROUP
LOAD /opt/st/stm32cubeide_1.13.2_2/plugins/com.st.stm32cube.ide.mcu.externaltools.gnu-tools-for-stm32.11.3.rel1.linux64_1.1.1.202309131626/tools/bin/../lib/gcc/arm-none-eabi/11.3.1/../../../../arm-none-eabi/lib/thumb/v7e-m+fp/hard/libc_nano.a
LOAD /opt/st/stm32cubeide_1.13.2_2/plugins/com.st.stm32cube.ide.mcu.externaltools.gnu-tools-for-stm32.11.3.rel1.linux64_1.1.1.202309131626/tools/bin/../lib/gcc/arm-none-eabi/11.3.1/../../../../arm-none-eabi/lib/thumb/v7e-m+fp/hard/libm.a
END GROUP
START GROUP
LOAD /opt/st/stm32cubeide_1.13.2_2/plugins/com.st.stm32cube.ide.mcu.externaltools.gnu-tools-for-stm32.11.3.rel1.linux64_1.1.1.202309131626/tools/bin/../lib/gcc/arm-none-eabi/11.3.1/thumb/v7e-m+fp/hard/libgcc.a
LOAD /opt/st/stm32cubeide_1.13.2_2/plugins/com.st.stm32cube.ide.mcu.externaltools.gnu-tools-for-stm32.11.3.rel1.linux64_1.1.1.202309131626/tools/bin/../lib/gcc/arm-none-eabi/11.3.1/../../../../arm-none-eabi/lib/thumb/v7e-m+fp/hard/libc_nano.a
END GROUP
START GROUP
LOAD /opt/st/stm32cubeide_1.13.2_2/plugins/com.st.stm32cube.ide.mcu.externaltools.gnu-tools-for-stm32.11.3.rel1.linux64_1.1.1.202309131626/tools/bin/../lib/gcc/arm-none-eabi/11.3.1/thumb/v7e-m+fp/hard/libgcc.a
LOAD /opt/st/stm32cubeide_1.13.2_2/plugins/com.st.stm32cube.ide.mcu.externaltools.gnu-tools-for-stm32.11.3.rel1.linux64_1.1.1.202309131626/tools/bin/../lib/gcc/arm-none-eabi/11.3.1/../../../../arm-none-eabi/lib/thumb/v7e-m+fp/hard/libc_nano.a
LOAD /opt/st/stm32cubeide_1.13.2_2/plugins/com.st.stm32cube.ide.mcu.externaltools.gnu-tools-for-stm32.11.3.rel1.linux64_1.1.1.202309131626/tools/bin/../lib/gcc/arm-none-eabi/11.3.1/../../../../arm-none-eabi/lib/thumb/v7e-m+fp/hard/libnosys.a
END GROUP
START GROUP
LOAD /opt/st/stm32cubeide_1.13.2_2/plugins/com.st.stm32cube.ide.mcu.externaltools.gnu-tools-for-stm32.11.3.rel1.linux64_1.1.1.202309131626/tools/bin/../lib/gcc/arm-none-eabi/11.3.1/thumb/v7e-m+fp/hard/libgcc.a
LOAD /opt/st/stm32cubeide_1.13.2_2/plugins/com.st.stm32cube.ide.mcu.externaltools.gnu-tools-for-stm32.11.3.rel1.linux64_1.1.1.202309131626/tools/bin/../lib/gcc/arm-none-eabi/11.3.1/../../../../arm-none-eabi/lib/thumb/v7e-m+fp/hard/libc_nano.a
LOAD /opt/st/stm32cubeide_1.13.2_2/plugins/com.st.stm32cube.ide.mcu.externaltools.gnu-tools-for-stm32.11.3.rel1.linux64_1.1.1.202309131626/tools/bin/../lib/gcc/arm-none-eabi/11.3.1/../../../../arm-none-eabi/lib/thumb/v7e-m+fp/hard/libnosys.a
END GROUP
LOAD /opt/st/stm32cubeide_1.13.2_2/plugins/com.st.stm32cube.ide.mcu.externaltools.gnu-tools-for-stm32.11.3.rel1.linux64_1.1.1.202309131626/tools/bin/../lib/gcc/arm-none-eabi/11.3.1/thumb/v7e-m+fp/hard/crtend.o
LOAD /opt/st/stm32cubeide_1.13.2_2/plugins/com.st.stm32cube.ide.mcu.externaltools.gnu-tools-for-stm32.11.3.rel1.linux64_1.1.1.202309131626/tools/bin/../lib/gcc/arm-none-eabi/11.3.1/thumb/v7e-m+fp/hard/crtn.o
                0x0000000020050000                _estack = (ORIGIN (RAM) + LENGTH (RAM))
                0x0000000000000200                _Min_Heap_Size = 0x200
                0x0000000000000400                _Min_Stack_Size = 0x400

.isr_vector     0x0000000008000000      0x1ac
                0x0000000008000000                . = ALIGN (0x4)
 *(.isr_vector)
 .isr_vector    0x0000000008000000      0x1ac ./Core/Startup/startup_stm32l4a6zgtx.o
                0x0000000008000000                g_pfnVectors
                0x00000000080001ac                . = ALIGN (0x4)

.text           0x00000000080001b0     0x7684
                0x00000000080001b0                . = ALIGN (0x4)
 *(.text)
 .text          0x00000000080001b0       0x40 /opt/st/stm32cubeide_1.13.2_2/plugins/com.st.stm32cube.ide.mcu.externaltools.gnu-tools-for-stm32.11.3.rel1.linux64_1.1.1.202309131626/tools/bin/../lib/gcc/arm-none-eabi/11.3.1/thumb/v7e-m+fp/hard/crtbegin.o
 .text          0x00000000080001f0       0xa0 /opt/st/stm32cubeide_1.13.2_2/plugins/com.st.stm32cube.ide.mcu.externaltools.gnu-tools-for-stm32.11.3.rel1.linux64_1.1.1.202309131626/tools/bin/../lib/gcc/arm-none-eabi/11.3.1/../../../../arm-none-eabi/lib/thumb/v7e-m+fp/hard/libc_nano.a(libc_a-memchr.o)
                0x00000000080001f0                memchr
 .text          0x0000000008000290       0x30 /opt/st/stm32cubeide_1.13.2_2/plugins/com.st.stm32cube.ide.mcu.externaltools.gnu-tools-for-stm32.11.3.rel1.linux64_1.1.1.202309131626/tools/bin/../lib/gcc/arm-none-eabi/11.3.1/thumb/v7e-m+fp/hard/libgcc.a(_aeabi_uldivmod.o)
                0x0000000008000290                __aeabi_uldivmod
 .text          0x00000000080002c0      0x2c8 /opt/st/stm32cubeide_1.13.2_2/plugins/com.st.stm32cube.ide.mcu.externaltools.gnu-tools-for-stm32.11.3.rel1.linux64_1.1.1.202309131626/tools/bin/../lib/gcc/arm-none-eabi/11.3.1/thumb/v7e-m+fp/hard/libgcc.a(_udivmoddi4.o)
                0x00000000080002c0                __udivmoddi4
 .text          0x0000000008000588        0x4 /opt/st/stm32cubeide_1.13.2_2/plugins/com.st.stm32cube.ide.mcu.externaltools.gnu-tools-for-stm32.11.3.rel1.linux64_1.1.1.202309131626/tools/bin/../lib/gcc/arm-none-eabi/11.3.1/thumb/v7e-m+fp/hard/libgcc.a(_dvmd_tls.o)
                0x0000000008000588                __aeabi_ldiv0
                0x0000000008000588                __aeabi_idiv0
 *(.text*)
 .text.main     0x000000000800058c       0x70 ./Core/Src/main.o
                0x000000000800058c                main
 .text.SystemClock_Config
                0x00000000080005fc       0xa6 ./Core/Src/main.o
                0x00000000080005fc                SystemClock_Config
 *fill*         0x00000000080006a2        0x2 
 .text.MX_LPUART1_UART_Init
                0x00000000080006a4       0x58 ./Core/Src/main.o
 .text.MX_GPIO_Init
                0x00000000080006fc       0x98 ./Core/Src/main.o
 .text.Start_Sender_Task
                0x0000000008000794       0x48 ./Core/Src/main.o
                0x0000000008000794                Start_Sender_Task
 .text.Start_Receiver_Task
                0x00000000080007dc       0x44 ./Core/Src/main.o
                0x00000000080007dc                Start_Receiver_Task
 .text.HAL_TIM_PeriodElapsedCallback
                0x0000000008000820       0x24 ./Core/Src/main.o
                0x0000000008000820                HAL_TIM_PeriodElapsedCallback
 .text.Error_Handler
                0x0000000008000844        0xa ./Core/Src/main.o
                0x0000000008000844                Error_Handler
 *fill*         0x000000000800084e        0x2 
 .text.HAL_MspInit
                0x0000000008000850       0x50 ./Core/Src/stm32l4xx_hal_msp.o
                0x0000000008000850                HAL_MspInit
 .text.HAL_UART_MspInit
                0x00000000080008a0       0xc0 ./Core/Src/stm32l4xx_hal_msp.o
                0x00000000080008a0                HAL_UART_MspInit
 .text.HAL_InitTick
                0x0000000008000960       0xf4 ./Core/Src/stm32l4xx_hal_timebase_tim.o
                0x0000000008000960                HAL_InitTick
 .text.NMI_Handler
                0x0000000008000a54        0x6 ./Core/Src/stm32l4xx_it.o
                0x0000000008000a54                NMI_Handler
 .text.HardFault_Handler
                0x0000000008000a5a        0x6 ./Core/Src/stm32l4xx_it.o
                0x0000000008000a5a                HardFault_Handler
 .text.MemManage_Handler
                0x0000000008000a60        0x6 ./Core/Src/stm32l4xx_it.o
                0x0000000008000a60                MemManage_Handler
 .text.BusFault_Handler
                0x0000000008000a66        0x6 ./Core/Src/stm32l4xx_it.o
                0x0000000008000a66                BusFault_Handler
 .text.UsageFault_Handler
                0x0000000008000a6c        0x6 ./Core/Src/stm32l4xx_it.o
                0x0000000008000a6c                UsageFault_Handler
 .text.DebugMon_Handler
                0x0000000008000a72        0xe ./Core/Src/stm32l4xx_it.o
                0x0000000008000a72                DebugMon_Handler
 .text.TIM6_DAC_IRQHandler
                0x0000000008000a80       0x14 ./Core/Src/stm32l4xx_it.o
                0x0000000008000a80                TIM6_DAC_IRQHandler
 .text._read    0x0000000008000a94       0x3a ./Core/Src/syscalls.o
                0x0000000008000a94                _read
 *fill*         0x0000000008000ace        0x2 
 .text._write   0x0000000008000ad0       0x2c ./Core/Src/syscalls.o
                0x0000000008000ad0                _write
 .text._close   0x0000000008000afc       0x18 ./Core/Src/syscalls.o
                0x0000000008000afc                _close
 .text._fstat   0x0000000008000b14       0x20 ./Core/Src/syscalls.o
                0x0000000008000b14                _fstat
 .text._isatty  0x0000000008000b34       0x16 ./Core/Src/syscalls.o
                0x0000000008000b34                _isatty
 .text._lseek   0x0000000008000b4a       0x1a ./Core/Src/syscalls.o
                0x0000000008000b4a                _lseek
 .text._sbrk    0x0000000008000b64       0x6c ./Core/Src/sysmem.o
                0x0000000008000b64                _sbrk
 .text.SystemInit
                0x0000000008000bd0       0x24 ./Core/Src/system_stm32l4xx.o
                0x0000000008000bd0                SystemInit
 .text.Reset_Handler
                0x0000000008000bf4       0x50 ./Core/Startup/startup_stm32l4a6zgtx.o
                0x0000000008000bf4                Reset_Handler
 .text.Default_Handler
                0x0000000008000c44        0x2 ./Core/Startup/startup_stm32l4a6zgtx.o
                0x0000000008000c44                RTC_Alarm_IRQHandler
                0x0000000008000c44                HASH_RNG_IRQHandler
                0x0000000008000c44                EXTI2_IRQHandler
                0x0000000008000c44                TIM8_TRG_COM_IRQHandler
                0x0000000008000c44                TIM8_CC_IRQHandler
                0x0000000008000c44                TIM1_CC_IRQHandler
                0x0000000008000c44                TSC_IRQHandler
                0x0000000008000c44                TAMP_STAMP_IRQHandler
                0x0000000008000c44                CAN2_RX1_IRQHandler
                0x0000000008000c44                EXTI3_IRQHandler
                0x0000000008000c44                LPTIM2_IRQHandler
                0x0000000008000c44                DFSDM1_FLT1_IRQHandler
                0x0000000008000c44                I2C3_ER_IRQHandler
                0x0000000008000c44                DFSDM1_FLT2_IRQHandler
                0x0000000008000c44                EXTI0_IRQHandler
                0x0000000008000c44                I2C2_EV_IRQHandler
                0x0000000008000c44                CAN1_RX0_IRQHandler
                0x0000000008000c44                FPU_IRQHandler
                0x0000000008000c44                TIM1_UP_TIM16_IRQHandler
                0x0000000008000c44                CAN2_SCE_IRQHandler
                0x0000000008000c44                ADC1_2_IRQHandler
                0x0000000008000c44                SPI1_IRQHandler
                0x0000000008000c44                DCMI_IRQHandler
                0x0000000008000c44                CAN2_RX0_IRQHandler
                0x0000000008000c44                TIM8_UP_IRQHandler
                0x0000000008000c44                DMA2_Channel2_IRQHandler
                0x0000000008000c44                DMA1_Channel4_IRQHandler
                0x0000000008000c44                SAI2_IRQHandler
                0x0000000008000c44                DFSDM1_FLT3_IRQHandler
                0x0000000008000c44                USART3_IRQHandler
                0x0000000008000c44                DMA1_Channel7_IRQHandler
                0x0000000008000c44                CAN1_RX1_IRQHandler
                0x0000000008000c44                LCD_IRQHandler
                0x0000000008000c44                UART5_IRQHandler
                0x0000000008000c44                ADC3_IRQHandler
                0x0000000008000c44                TIM4_IRQHandler
                0x0000000008000c44                DMA2_Channel1_IRQHandler
                0x0000000008000c44                QUADSPI_IRQHandler
                0x0000000008000c44                I2C1_EV_IRQHandler
                0x0000000008000c44                DMA1_Channel6_IRQHandler
                0x0000000008000c44                UART4_IRQHandler
                0x0000000008000c44                DMA2_Channel4_IRQHandler
                0x0000000008000c44                TIM3_IRQHandler
                0x0000000008000c44                RCC_IRQHandler
                0x0000000008000c44                DMA1_Channel1_IRQHandler
                0x0000000008000c44                Default_Handler
                0x0000000008000c44                DMA2_Channel7_IRQHandler
                0x0000000008000c44                EXTI15_10_IRQHandler
                0x0000000008000c44                TIM7_IRQHandler
                0x0000000008000c44                SDMMC1_IRQHandler
                0x0000000008000c44                CAN2_TX_IRQHandler
                0x0000000008000c44                TIM5_IRQHandler
                0x0000000008000c44                I2C3_EV_IRQHandler
                0x0000000008000c44                EXTI9_5_IRQHandler
                0x0000000008000c44                RTC_WKUP_IRQHandler
                0x0000000008000c44                PVD_PVM_IRQHandler
                0x0000000008000c44                SPI2_IRQHandler
                0x0000000008000c44                CAN1_TX_IRQHandler
                0x0000000008000c44                DMA2_Channel5_IRQHandler
                0x0000000008000c44                CRS_IRQHandler
                0x0000000008000c44                DMA1_Channel5_IRQHandler
                0x0000000008000c44                EXTI4_IRQHandler
                0x0000000008000c44                TIM1_TRG_COM_TIM17_IRQHandler
                0x0000000008000c44                DMA1_Channel3_IRQHandler
                0x0000000008000c44                COMP_IRQHandler
                0x0000000008000c44                WWDG_IRQHandler
                0x0000000008000c44                I2C4_EV_IRQHandler
                0x0000000008000c44                LPUART1_IRQHandler
                0x0000000008000c44                DMA2_Channel6_IRQHandler
                0x0000000008000c44                TIM2_IRQHandler
                0x0000000008000c44                DMA2D_IRQHandler
                0x0000000008000c44                EXTI1_IRQHandler
                0x0000000008000c44                AES_IRQHandler
                0x0000000008000c44                USART2_IRQHandler
                0x0000000008000c44                DFSDM1_FLT0_IRQHandler
                0x0000000008000c44                I2C2_ER_IRQHandler
                0x0000000008000c44                DMA1_Channel2_IRQHandler
                0x0000000008000c44                TIM8_BRK_IRQHandler
                0x0000000008000c44                CAN1_SCE_IRQHandler
                0x0000000008000c44                FLASH_IRQHandler
                0x0000000008000c44                USART1_IRQHandler
                0x0000000008000c44                OTG_FS_IRQHandler
                0x0000000008000c44                SPI3_IRQHandler
                0x0000000008000c44                I2C1_ER_IRQHandler
                0x0000000008000c44                FMC_IRQHandler
                0x0000000008000c44                SWPMI1_IRQHandler
                0x0000000008000c44                LPTIM1_IRQHandler
                0x0000000008000c44                I2C4_ER_IRQHandler
                0x0000000008000c44                SAI1_IRQHandler
                0x0000000008000c44                DMA2_Channel3_IRQHandler
                0x0000000008000c44                TIM1_BRK_TIM15_IRQHandler
 .text.HAL_Init
                0x0000000008000c46       0x30 ./Drivers/STM32L4xx_HAL_Driver/Src/stm32l4xx_hal.o
                0x0000000008000c46                HAL_Init
 *fill*         0x0000000008000c76        0x2 
 .text.HAL_IncTick
                0x0000000008000c78       0x28 ./Drivers/STM32L4xx_HAL_Driver/Src/stm32l4xx_hal.o
                0x0000000008000c78                HAL_IncTick
 .text.HAL_GetTick
                0x0000000008000ca0       0x18 ./Drivers/STM32L4xx_HAL_Driver/Src/stm32l4xx_hal.o
                0x0000000008000ca0                HAL_GetTick
 .text.__NVIC_SetPriorityGrouping
                0x0000000008000cb8       0x48 ./Drivers/STM32L4xx_HAL_Driver/Src/stm32l4xx_hal_cortex.o
 .text.__NVIC_GetPriorityGrouping
                0x0000000008000d00       0x1c ./Drivers/STM32L4xx_HAL_Driver/Src/stm32l4xx_hal_cortex.o
 .text.__NVIC_EnableIRQ
                0x0000000008000d1c       0x3c ./Drivers/STM32L4xx_HAL_Driver/Src/stm32l4xx_hal_cortex.o
 .text.__NVIC_SetPriority
                0x0000000008000d58       0x54 ./Drivers/STM32L4xx_HAL_Driver/Src/stm32l4xx_hal_cortex.o
 .text.NVIC_EncodePriority
                0x0000000008000dac       0x66 ./Drivers/STM32L4xx_HAL_Driver/Src/stm32l4xx_hal_cortex.o
 .text.HAL_NVIC_SetPriorityGrouping
                0x0000000008000e12       0x16 ./Drivers/STM32L4xx_HAL_Driver/Src/stm32l4xx_hal_cortex.o
                0x0000000008000e12                HAL_NVIC_SetPriorityGrouping
 .text.HAL_NVIC_SetPriority
                0x0000000008000e28       0x38 ./Drivers/STM32L4xx_HAL_Driver/Src/stm32l4xx_hal_cortex.o
                0x0000000008000e28                HAL_NVIC_SetPriority
 .text.HAL_NVIC_EnableIRQ
                0x0000000008000e60       0x1c ./Drivers/STM32L4xx_HAL_Driver/Src/stm32l4xx_hal_cortex.o
                0x0000000008000e60                HAL_NVIC_EnableIRQ
 .text.HAL_GPIO_Init
                0x0000000008000e7c      0x324 ./Drivers/STM32L4xx_HAL_Driver/Src/stm32l4xx_hal_gpio.o
                0x0000000008000e7c                HAL_GPIO_Init
 .text.HAL_GPIO_WritePin
                0x00000000080011a0       0x30 ./Drivers/STM32L4xx_HAL_Driver/Src/stm32l4xx_hal_gpio.o
                0x00000000080011a0                HAL_GPIO_WritePin
 .text.HAL_PWREx_GetVoltageRange
                0x00000000080011d0       0x1c ./Drivers/STM32L4xx_HAL_Driver/Src/stm32l4xx_hal_pwr_ex.o
                0x00000000080011d0                HAL_PWREx_GetVoltageRange
 .text.HAL_PWREx_ControlVoltageScaling
                0x00000000080011ec       0xac ./Drivers/STM32L4xx_HAL_Driver/Src/stm32l4xx_hal_pwr_ex.o
                0x00000000080011ec                HAL_PWREx_ControlVoltageScaling
 .text.HAL_PWREx_EnableVddIO2
                0x0000000008001298       0x20 ./Drivers/STM32L4xx_HAL_Driver/Src/stm32l4xx_hal_pwr_ex.o
                0x0000000008001298                HAL_PWREx_EnableVddIO2
 .text.HAL_RCC_OscConfig
                0x00000000080012b8      0x834 ./Drivers/STM32L4xx_HAL_Driver/Src/stm32l4xx_hal_rcc.o
                0x00000000080012b8                HAL_RCC_OscConfig
 .text.HAL_RCC_ClockConfig
                0x0000000008001aec      0x200 ./Drivers/STM32L4xx_HAL_Driver/Src/stm32l4xx_hal_rcc.o
                0x0000000008001aec                HAL_RCC_ClockConfig
 .text.HAL_RCC_GetSysClockFreq
                0x0000000008001cec      0x118 ./Drivers/STM32L4xx_HAL_Driver/Src/stm32l4xx_hal_rcc.o
                0x0000000008001cec                HAL_RCC_GetSysClockFreq
 .text.HAL_RCC_GetHCLKFreq
                0x0000000008001e04       0x18 ./Drivers/STM32L4xx_HAL_Driver/Src/stm32l4xx_hal_rcc.o
                0x0000000008001e04                HAL_RCC_GetHCLKFreq
 .text.HAL_RCC_GetPCLK1Freq
                0x0000000008001e1c       0x2c ./Drivers/STM32L4xx_HAL_Driver/Src/stm32l4xx_hal_rcc.o
                0x0000000008001e1c                HAL_RCC_GetPCLK1Freq
 .text.HAL_RCC_GetPCLK2Freq
                0x0000000008001e48       0x2c ./Drivers/STM32L4xx_HAL_Driver/Src/stm32l4xx_hal_rcc.o
                0x0000000008001e48                HAL_RCC_GetPCLK2Freq
 .text.HAL_RCC_GetClockConfig
                0x0000000008001e74       0x64 ./Drivers/STM32L4xx_HAL_Driver/Src/stm32l4xx_hal_rcc.o
                0x0000000008001e74                HAL_RCC_GetClockConfig
 .text.RCC_SetFlashLatencyFromMSIRange
                0x0000000008001ed8       0xc0 ./Drivers/STM32L4xx_HAL_Driver/Src/stm32l4xx_hal_rcc.o
 .text.HAL_RCCEx_PeriphCLKConfig
                0x0000000008001f98      0x5f8 ./Drivers/STM32L4xx_HAL_Driver/Src/stm32l4xx_hal_rcc_ex.o
                0x0000000008001f98                HAL_RCCEx_PeriphCLKConfig
 .text.RCCEx_PLLSAI1_Config
                0x0000000008002590      0x1e4 ./Drivers/STM32L4xx_HAL_Driver/Src/stm32l4xx_hal_rcc_ex.o
 .text.RCCEx_PLLSAI2_Config
                0x0000000008002774      0x1b8 ./Drivers/STM32L4xx_HAL_Driver/Src/stm32l4xx_hal_rcc_ex.o
 .text.HAL_TIM_Base_Init
                0x000000000800292c       0xae ./Drivers/STM32L4xx_HAL_Driver/Src/stm32l4xx_hal_tim.o
                0x000000000800292c                HAL_TIM_Base_Init
 .text.HAL_TIM_Base_MspInit
                0x00000000080029da       0x14 ./Drivers/STM32L4xx_HAL_Driver/Src/stm32l4xx_hal_tim.o
                0x00000000080029da                HAL_TIM_Base_MspInit
 *fill*         0x00000000080029ee        0x2 
 .text.HAL_TIM_Base_Start_IT
                0x00000000080029f0       0xe0 ./Drivers/STM32L4xx_HAL_Driver/Src/stm32l4xx_hal_tim.o
                0x00000000080029f0                HAL_TIM_Base_Start_IT
 .text.HAL_TIM_IRQHandler
                0x0000000008002ad0      0x204 ./Drivers/STM32L4xx_HAL_Driver/Src/stm32l4xx_hal_tim.o
                0x0000000008002ad0                HAL_TIM_IRQHandler
 .text.HAL_TIM_OC_DelayElapsedCallback
                0x0000000008002cd4       0x14 ./Drivers/STM32L4xx_HAL_Driver/Src/stm32l4xx_hal_tim.o
                0x0000000008002cd4                HAL_TIM_OC_DelayElapsedCallback
 .text.HAL_TIM_IC_CaptureCallback
                0x0000000008002ce8       0x14 ./Drivers/STM32L4xx_HAL_Driver/Src/stm32l4xx_hal_tim.o
                0x0000000008002ce8                HAL_TIM_IC_CaptureCallback
 .text.HAL_TIM_PWM_PulseFinishedCallback
                0x0000000008002cfc       0x14 ./Drivers/STM32L4xx_HAL_Driver/Src/stm32l4xx_hal_tim.o
                0x0000000008002cfc                HAL_TIM_PWM_PulseFinishedCallback
 .text.HAL_TIM_TriggerCallback
                0x0000000008002d10       0x14 ./Drivers/STM32L4xx_HAL_Driver/Src/stm32l4xx_hal_tim.o
                0x0000000008002d10                HAL_TIM_TriggerCallback
 .text.TIM_Base_SetConfig
                0x0000000008002d24      0x134 ./Drivers/STM32L4xx_HAL_Driver/Src/stm32l4xx_hal_tim.o
                0x0000000008002d24                TIM_Base_SetConfig
 .text.HAL_TIMEx_CommutCallback
                0x0000000008002e58       0x14 ./Drivers/STM32L4xx_HAL_Driver/Src/stm32l4xx_hal_tim_ex.o
                0x0000000008002e58                HAL_TIMEx_CommutCallback
 .text.HAL_TIMEx_BreakCallback
                0x0000000008002e6c       0x14 ./Drivers/STM32L4xx_HAL_Driver/Src/stm32l4xx_hal_tim_ex.o
                0x0000000008002e6c                HAL_TIMEx_BreakCallback
 .text.HAL_TIMEx_Break2Callback
                0x0000000008002e80       0x14 ./Drivers/STM32L4xx_HAL_Driver/Src/stm32l4xx_hal_tim_ex.o
                0x0000000008002e80                HAL_TIMEx_Break2Callback
 .text.HAL_UART_Init
                0x0000000008002e94       0x9c ./Drivers/STM32L4xx_HAL_Driver/Src/stm32l4xx_hal_uart.o
                0x0000000008002e94                HAL_UART_Init
 .text.HAL_UART_Transmit
                0x0000000008002f30      0x114 ./Drivers/STM32L4xx_HAL_Driver/Src/stm32l4xx_hal_uart.o
                0x0000000008002f30                HAL_UART_Transmit
 .text.UART_SetConfig
                0x0000000008003044      0x570 ./Drivers/STM32L4xx_HAL_Driver/Src/stm32l4xx_hal_uart.o
                0x0000000008003044                UART_SetConfig
 .text.UART_AdvFeatureConfig
                0x00000000080035b4      0x144 ./Drivers/STM32L4xx_HAL_Driver/Src/stm32l4xx_hal_uart.o
                0x00000000080035b4                UART_AdvFeatureConfig
 .text.UART_CheckIdleState
                0x00000000080036f8      0x150 ./Drivers/STM32L4xx_HAL_Driver/Src/stm32l4xx_hal_uart.o
                0x00000000080036f8                UART_CheckIdleState
 .text.UART_WaitOnFlagUntilTimeout
                0x0000000008003848       0xce ./Drivers/STM32L4xx_HAL_Driver/Src/stm32l4xx_hal_uart.o
                0x0000000008003848                UART_WaitOnFlagUntilTimeout
 .text.UART_EndRxTransfer
                0x0000000008003916       0xc8 ./Drivers/STM32L4xx_HAL_Driver/Src/stm32l4xx_hal_uart.o
 *fill*         0x00000000080039de        0x2 
 .text.__NVIC_SetPriority
                0x00000000080039e0       0x54 ./Middlewares/Third_Party/FreeRTOS/Source/CMSIS_RTOS_V2/cmsis_os2.o
 .text.SysTick_Handler
                0x0000000008003a34       0x20 ./Middlewares/Third_Party/FreeRTOS/Source/CMSIS_RTOS_V2/cmsis_os2.o
                0x0000000008003a34                SysTick_Handler
 .text.SVC_Setup
                0x0000000008003a54       0x12 ./Middlewares/Third_Party/FreeRTOS/Source/CMSIS_RTOS_V2/cmsis_os2.o
 *fill*         0x0000000008003a66        0x2 
 .text.osKernelInitialize
                0x0000000008003a68       0x48 ./Middlewares/Third_Party/FreeRTOS/Source/CMSIS_RTOS_V2/cmsis_os2.o
                0x0000000008003a68                osKernelInitialize
 .text.osKernelStart
                0x0000000008003ab0       0x4c ./Middlewares/Third_Party/FreeRTOS/Source/CMSIS_RTOS_V2/cmsis_os2.o
                0x0000000008003ab0                osKernelStart
 .text.osThreadNew
                0x0000000008003afc      0x124 ./Middlewares/Third_Party/FreeRTOS/Source/CMSIS_RTOS_V2/cmsis_os2.o
                0x0000000008003afc                osThreadNew
 .text.osDelay  0x0000000008003c20       0x36 ./Middlewares/Third_Party/FreeRTOS/Source/CMSIS_RTOS_V2/cmsis_os2.o
                0x0000000008003c20                osDelay
 .text.osMessageQueueNew
                0x0000000008003c56       0xe6 ./Middlewares/Third_Party/FreeRTOS/Source/CMSIS_RTOS_V2/cmsis_os2.o
                0x0000000008003c56                osMessageQueueNew
 .text.osMessageQueuePut
                0x0000000008003d3c       0xc0 ./Middlewares/Third_Party/FreeRTOS/Source/CMSIS_RTOS_V2/cmsis_os2.o
                0x0000000008003d3c                osMessageQueuePut
 .text.osMessageQueueGet
                0x0000000008003dfc       0xbc ./Middlewares/Third_Party/FreeRTOS/Source/CMSIS_RTOS_V2/cmsis_os2.o
                0x0000000008003dfc                osMessageQueueGet
 .text.vApplicationGetIdleTaskMemory
                0x0000000008003eb8       0x34 ./Middlewares/Third_Party/FreeRTOS/Source/CMSIS_RTOS_V2/cmsis_os2.o
                0x0000000008003eb8                vApplicationGetIdleTaskMemory
 .text.vApplicationGetTimerTaskMemory
                0x0000000008003eec       0x34 ./Middlewares/Third_Party/FreeRTOS/Source/CMSIS_RTOS_V2/cmsis_os2.o
                0x0000000008003eec                vApplicationGetTimerTaskMemory
 .text.vListInitialise
                0x0000000008003f20       0x40 ./Middlewares/Third_Party/FreeRTOS/Source/list.o
                0x0000000008003f20                vListInitialise
 .text.vListInitialiseItem
                0x0000000008003f60       0x1a ./Middlewares/Third_Party/FreeRTOS/Source/list.o
                0x0000000008003f60                vListInitialiseItem
 .text.vListInsertEnd
                0x0000000008003f7a       0x48 ./Middlewares/Third_Party/FreeRTOS/Source/list.o
                0x0000000008003f7a                vListInsertEnd
 .text.vListInsert
                0x0000000008003fc2       0x72 ./Middlewares/Third_Party/FreeRTOS/Source/list.o
                0x0000000008003fc2                vListInsert
 .text.uxListRemove
                0x0000000008004034       0x54 ./Middlewares/Third_Party/FreeRTOS/Source/list.o
                0x0000000008004034                uxListRemove
 .text.xQueueGenericReset
                0x0000000008004088       0xd0 ./Middlewares/Third_Party/FreeRTOS/Source/queue.o
                0x0000000008004088                xQueueGenericReset
 .text.xQueueGenericCreateStatic
                0x0000000008004158       0xf0 ./Middlewares/Third_Party/FreeRTOS/Source/queue.o
                0x0000000008004158                xQueueGenericCreateStatic
 .text.xQueueGenericCreate
                0x0000000008004248       0x74 ./Middlewares/Third_Party/FreeRTOS/Source/queue.o
                0x0000000008004248                xQueueGenericCreate
 .text.prvInitialiseNewQueue
                0x00000000080042bc       0x46 ./Middlewares/Third_Party/FreeRTOS/Source/queue.o
 *fill*         0x0000000008004302        0x2 
 .text.xQueueGenericSend
                0x0000000008004304      0x1fc ./Middlewares/Third_Party/FreeRTOS/Source/queue.o
                0x0000000008004304                xQueueGenericSend
 .text.xQueueGenericSendFromISR
                0x0000000008004500      0x136 ./Middlewares/Third_Party/FreeRTOS/Source/queue.o
                0x0000000008004500                xQueueGenericSendFromISR
 *fill*         0x0000000008004636        0x2 
 .text.xQueueReceive
                0x0000000008004638      0x1c0 ./Middlewares/Third_Party/FreeRTOS/Source/queue.o
                0x0000000008004638                xQueueReceive
 .text.xQueueReceiveFromISR
                0x00000000080047f8      0x100 ./Middlewares/Third_Party/FreeRTOS/Source/queue.o
                0x00000000080047f8                xQueueReceiveFromISR
 .text.prvCopyDataToQueue
                0x00000000080048f8       0xd4 ./Middlewares/Third_Party/FreeRTOS/Source/queue.o
 .text.prvCopyDataFromQueue
                0x00000000080049cc       0x4c ./Middlewares/Third_Party/FreeRTOS/Source/queue.o
 .text.prvUnlockQueue
                0x0000000008004a18       0xa4 ./Middlewares/Third_Party/FreeRTOS/Source/queue.o
 .text.prvIsQueueEmpty
                0x0000000008004abc       0x2c ./Middlewares/Third_Party/FreeRTOS/Source/queue.o
 .text.prvIsQueueFull
                0x0000000008004ae8       0x30 ./Middlewares/Third_Party/FreeRTOS/Source/queue.o
 .text.vQueueAddToRegistry
                0x0000000008004b18       0x54 ./Middlewares/Third_Party/FreeRTOS/Source/queue.o
                0x0000000008004b18                vQueueAddToRegistry
 .text.vQueueWaitForMessageRestricted
                0x0000000008004b6c       0x68 ./Middlewares/Third_Party/FreeRTOS/Source/queue.o
                0x0000000008004b6c                vQueueWaitForMessageRestricted
 .text.xTaskCreateStatic
                0x0000000008004bd4       0xba ./Middlewares/Third_Party/FreeRTOS/Source/tasks.o
                0x0000000008004bd4                xTaskCreateStatic
 .text.xTaskCreate
                0x0000000008004c8e       0x8a ./Middlewares/Third_Party/FreeRTOS/Source/tasks.o
                0x0000000008004c8e                xTaskCreate
 .text.prvInitialiseNewTask
                0x0000000008004d18      0x11e ./Middlewares/Third_Party/FreeRTOS/Source/tasks.o
 *fill*         0x0000000008004e36        0x2 
 .text.prvAddNewTaskToReadyList
                0x0000000008004e38       0xe0 ./Middlewares/Third_Party/FreeRTOS/Source/tasks.o
 .text.vTaskDelay
                0x0000000008004f18       0x68 ./Middlewares/Third_Party/FreeRTOS/Source/tasks.o
                0x0000000008004f18                vTaskDelay
 .text.vTaskStartScheduler
                0x0000000008004f80       0xcc ./Middlewares/Third_Party/FreeRTOS/Source/tasks.o
                0x0000000008004f80                vTaskStartScheduler
 .text.vTaskSuspendAll
                0x000000000800504c       0x1c ./Middlewares/Third_Party/FreeRTOS/Source/tasks.o
                0x000000000800504c                vTaskSuspendAll
 .text.xTaskResumeAll
                0x0000000008005068      0x13c ./Middlewares/Third_Party/FreeRTOS/Source/tasks.o
                0x0000000008005068                xTaskResumeAll
 .text.xTaskGetTickCount
                0x00000000080051a4       0x20 ./Middlewares/Third_Party/FreeRTOS/Source/tasks.o
                0x00000000080051a4                xTaskGetTickCount
 .text.xTaskIncrementTick
                0x00000000080051c4      0x174 ./Middlewares/Third_Party/FreeRTOS/Source/tasks.o
                0x00000000080051c4                xTaskIncrementTick
 .text.vTaskSwitchContext
                0x0000000008005338       0xbc ./Middlewares/Third_Party/FreeRTOS/Source/tasks.o
                0x0000000008005338                vTaskSwitchContext
 .text.vTaskPlaceOnEventList
                0x00000000080053f4       0x48 ./Middlewares/Third_Party/FreeRTOS/Source/tasks.o
                0x00000000080053f4                vTaskPlaceOnEventList
 .text.vTaskPlaceOnEventListRestricted
                0x000000000800543c       0x58 ./Middlewares/Third_Party/FreeRTOS/Source/tasks.o
                0x000000000800543c                vTaskPlaceOnEventListRestricted
 .text.xTaskRemoveFromEventList
                0x0000000008005494       0xc8 ./Middlewares/Third_Party/FreeRTOS/Source/tasks.o
                0x0000000008005494                xTaskRemoveFromEventList
 .text.vTaskInternalSetTimeOutState
                0x000000000800555c       0x2c ./Middlewares/Third_Party/FreeRTOS/Source/tasks.o
                0x000000000800555c                vTaskInternalSetTimeOutState
 .text.xTaskCheckForTimeOut
                0x0000000008005588       0xc4 ./Middlewares/Third_Party/FreeRTOS/Source/tasks.o
                0x0000000008005588                xTaskCheckForTimeOut
 .text.vTaskMissedYield
                0x000000000800564c       0x18 ./Middlewares/Third_Party/FreeRTOS/Source/tasks.o
                0x000000000800564c                vTaskMissedYield
 .text.prvIdleTask
                0x0000000008005664       0x30 ./Middlewares/Third_Party/FreeRTOS/Source/tasks.o
 .text.prvInitialiseTaskLists
                0x0000000008005694       0x80 ./Middlewares/Third_Party/FreeRTOS/Source/tasks.o
 .text.prvCheckTasksWaitingTermination
                0x0000000008005714       0x5c ./Middlewares/Third_Party/FreeRTOS/Source/tasks.o
 .text.prvDeleteTCB
                0x0000000008005770       0x5e ./Middlewares/Third_Party/FreeRTOS/Source/tasks.o
 *fill*         0x00000000080057ce        0x2 
 .text.prvResetNextTaskUnblockTime
                0x00000000080057d0       0x40 ./Middlewares/Third_Party/FreeRTOS/Source/tasks.o
 .text.xTaskGetSchedulerState
                0x0000000008005810       0x3c ./Middlewares/Third_Party/FreeRTOS/Source/tasks.o
                0x0000000008005810                xTaskGetSchedulerState
 .text.xTaskPriorityDisinherit
                0x000000000800584c       0xdc ./Middlewares/Third_Party/FreeRTOS/Source/tasks.o
                0x000000000800584c                xTaskPriorityDisinherit
 .text.prvAddCurrentTaskToDelayedList
                0x0000000008005928       0xa8 ./Middlewares/Third_Party/FreeRTOS/Source/tasks.o
 .text.xTimerCreateTimerTask
                0x00000000080059d0       0x90 ./Middlewares/Third_Party/FreeRTOS/Source/timers.o
                0x00000000080059d0                xTimerCreateTimerTask
 .text.xTimerGenericCommand
                0x0000000008005a60       0x9c ./Middlewares/Third_Party/FreeRTOS/Source/timers.o
                0x0000000008005a60                xTimerGenericCommand
 .text.prvProcessExpiredTimer
                0x0000000008005afc       0x98 ./Middlewares/Third_Party/FreeRTOS/Source/timers.o
 .text.prvTimerTask
                0x0000000008005b94       0x24 ./Middlewares/Third_Party/FreeRTOS/Source/timers.o
 .text.prvProcessTimerOrBlockTask
                0x0000000008005bb8       0x9c ./Middlewares/Third_Party/FreeRTOS/Source/timers.o
 .text.prvGetNextExpireTime
                0x0000000008005c54       0x48 ./Middlewares/Third_Party/FreeRTOS/Source/timers.o
 .text.prvSampleTimeNow
                0x0000000008005c9c       0x40 ./Middlewares/Third_Party/FreeRTOS/Source/timers.o
 .text.prvInsertTimerInActiveList
                0x0000000008005cdc       0x84 ./Middlewares/Third_Party/FreeRTOS/Source/timers.o
 .text.prvProcessReceivedCommands
                0x0000000008005d60      0x1c4 ./Middlewares/Third_Party/FreeRTOS/Source/timers.o
 .text.prvSwitchTimerLists
                0x0000000008005f24       0xc8 ./Middlewares/Third_Party/FreeRTOS/Source/timers.o
 .text.prvCheckForValidListAndQueue
                0x0000000008005fec       0x80 ./Middlewares/Third_Party/FreeRTOS/Source/timers.o
 .text.pxPortInitialiseStack
                0x000000000800606c       0x68 ./Middlewares/Third_Party/FreeRTOS/Source/portable/GCC/ARM_CM4F/port.o
                0x000000000800606c                pxPortInitialiseStack
 .text.prvTaskExitError
                0x00000000080060d4       0x58 ./Middlewares/Third_Party/FreeRTOS/Source/portable/GCC/ARM_CM4F/port.o
 *fill*         0x000000000800612c        0x4 
 .text.SVC_Handler
                0x0000000008006130       0x28 ./Middlewares/Third_Party/FreeRTOS/Source/portable/GCC/ARM_CM4F/port.o
                0x0000000008006130                SVC_Handler
 .text.prvPortStartFirstTask
                0x0000000008006158       0x28 ./Middlewares/Third_Party/FreeRTOS/Source/portable/GCC/ARM_CM4F/port.o
 .text.xPortStartScheduler
                0x0000000008006180      0x144 ./Middlewares/Third_Party/FreeRTOS/Source/portable/GCC/ARM_CM4F/port.o
                0x0000000008006180                xPortStartScheduler
 .text.vPortEnterCritical
                0x00000000080062c4       0x60 ./Middlewares/Third_Party/FreeRTOS/Source/portable/GCC/ARM_CM4F/port.o
                0x00000000080062c4                vPortEnterCritical
 .text.vPortExitCritical
                0x0000000008006324       0x54 ./Middlewares/Third_Party/FreeRTOS/Source/portable/GCC/ARM_CM4F/port.o
                0x0000000008006324                vPortExitCritical
 *fill*         0x0000000008006378        0x8 
 .text.PendSV_Handler
                0x0000000008006380       0x68 ./Middlewares/Third_Party/FreeRTOS/Source/portable/GCC/ARM_CM4F/port.o
                0x0000000008006380                PendSV_Handler
 .text.xPortSysTickHandler
                0x00000000080063e8       0x44 ./Middlewares/Third_Party/FreeRTOS/Source/portable/GCC/ARM_CM4F/port.o
                0x00000000080063e8                xPortSysTickHandler
 .text.vPortSetupTimerInterrupt
                0x000000000800642c       0x48 ./Middlewares/Third_Party/FreeRTOS/Source/portable/GCC/ARM_CM4F/port.o
                0x000000000800642c                vPortSetupTimerInterrupt
 .text.vPortEnableVFP
                0x0000000008006474       0x14 ./Middlewares/Third_Party/FreeRTOS/Source/portable/GCC/ARM_CM4F/port.o
 .text.vPortValidateInterruptPriority
                0x0000000008006488       0x80 ./Middlewares/Third_Party/FreeRTOS/Source/portable/GCC/ARM_CM4F/port.o
                0x0000000008006488                vPortValidateInterruptPriority
 .text.pvPortMalloc
                0x0000000008006508      0x198 ./Middlewares/Third_Party/FreeRTOS/Source/portable/MemMang/heap_4.o
                0x0000000008006508                pvPortMalloc
 .text.vPortFree
                0x00000000080066a0       0xc4 ./Middlewares/Third_Party/FreeRTOS/Source/portable/MemMang/heap_4.o
                0x00000000080066a0                vPortFree
 .text.prvHeapInit
                0x0000000008006764       0xc4 ./Middlewares/Third_Party/FreeRTOS/Source/portable/MemMang/heap_4.o
 .text.prvInsertBlockIntoFreeList
                0x0000000008006828       0xb4 ./Middlewares/Third_Party/FreeRTOS/Source/portable/MemMang/heap_4.o
 .text.std      0x00000000080068dc       0x6c /opt/st/stm32cubeide_1.13.2_2/plugins/com.st.stm32cube.ide.mcu.externaltools.gnu-tools-for-stm32.11.3.rel1.linux64_1.1.1.202309131626/tools/bin/../lib/gcc/arm-none-eabi/11.3.1/../../../../arm-none-eabi/lib/thumb/v7e-m+fp/hard/libc_nano.a(libc_a-findfp.o)
 .text.stdio_exit_handler
                0x0000000008006948       0x18 /opt/st/stm32cubeide_1.13.2_2/plugins/com.st.stm32cube.ide.mcu.externaltools.gnu-tools-for-stm32.11.3.rel1.linux64_1.1.1.202309131626/tools/bin/../lib/gcc/arm-none-eabi/11.3.1/../../../../arm-none-eabi/lib/thumb/v7e-m+fp/hard/libc_nano.a(libc_a-findfp.o)
 .text.cleanup_stdio
                0x0000000008006960       0x40 /opt/st/stm32cubeide_1.13.2_2/plugins/com.st.stm32cube.ide.mcu.externaltools.gnu-tools-for-stm32.11.3.rel1.linux64_1.1.1.202309131626/tools/bin/../lib/gcc/arm-none-eabi/11.3.1/../../../../arm-none-eabi/lib/thumb/v7e-m+fp/hard/libc_nano.a(libc_a-findfp.o)
 .text.global_stdio_init.part.0
                0x00000000080069a0       0x3c /opt/st/stm32cubeide_1.13.2_2/plugins/com.st.stm32cube.ide.mcu.externaltools.gnu-tools-for-stm32.11.3.rel1.linux64_1.1.1.202309131626/tools/bin/../lib/gcc/arm-none-eabi/11.3.1/../../../../arm-none-eabi/lib/thumb/v7e-m+fp/hard/libc_nano.a(libc_a-findfp.o)
 .text.__sfp_lock_acquire
                0x00000000080069dc        0xc /opt/st/stm32cubeide_1.13.2_2/plugins/com.st.stm32cube.ide.mcu.externaltools.gnu-tools-for-stm32.11.3.rel1.linux64_1.1.1.202309131626/tools/bin/../lib/gcc/arm-none-eabi/11.3.1/../../../../arm-none-eabi/lib/thumb/v7e-m+fp/hard/libc_nano.a(libc_a-findfp.o)
                0x00000000080069dc                __sfp_lock_acquire
 .text.__sfp_lock_release
                0x00000000080069e8        0xc /opt/st/stm32cubeide_1.13.2_2/plugins/com.st.stm32cube.ide.mcu.externaltools.gnu-tools-for-stm32.11.3.rel1.linux64_1.1.1.202309131626/tools/bin/../lib/gcc/arm-none-eabi/11.3.1/../../../../arm-none-eabi/lib/thumb/v7e-m+fp/hard/libc_nano.a(libc_a-findfp.o)
                0x00000000080069e8                __sfp_lock_release
 .text.__sinit  0x00000000080069f4       0x30 /opt/st/stm32cubeide_1.13.2_2/plugins/com.st.stm32cube.ide.mcu.externaltools.gnu-tools-for-stm32.11.3.rel1.linux64_1.1.1.202309131626/tools/bin/../lib/gcc/arm-none-eabi/11.3.1/../../../../arm-none-eabi/lib/thumb/v7e-m+fp/hard/libc_nano.a(libc_a-findfp.o)
                0x00000000080069f4                __sinit
 .text._fwalk_sglue
                0x0000000008006a24       0x3c /opt/st/stm32cubeide_1.13.2_2/plugins/com.st.stm32cube.ide.mcu.externaltools.gnu-tools-for-stm32.11.3.rel1.linux64_1.1.1.202309131626/tools/bin/../lib/gcc/arm-none-eabi/11.3.1/../../../../arm-none-eabi/lib/thumb/v7e-m+fp/hard/libc_nano.a(libc_a-fwalk.o)
                0x0000000008006a24                _fwalk_sglue
 .text.printf   0x0000000008006a60       0x24 /opt/st/stm32cubeide_1.13.2_2/plugins/com.st.stm32cube.ide.mcu.externaltools.gnu-tools-for-stm32.11.3.rel1.linux64_1.1.1.202309131626/tools/bin/../lib/gcc/arm-none-eabi/11.3.1/../../../../arm-none-eabi/lib/thumb/v7e-m+fp/hard/libc_nano.a(libc_a-printf.o)
                0x0000000008006a60                printf
                0x0000000008006a60                iprintf
 .text._puts_r  0x0000000008006a84       0xa8 /opt/st/stm32cubeide_1.13.2_2/plugins/com.st.stm32cube.ide.mcu.externaltools.gnu-tools-for-stm32.11.3.rel1.linux64_1.1.1.202309131626/tools/bin/../lib/gcc/arm-none-eabi/11.3.1/../../../../arm-none-eabi/lib/thumb/v7e-m+fp/hard/libc_nano.a(libc_a-puts.o)
                0x0000000008006a84                _puts_r
 .text.puts     0x0000000008006b2c       0x10 /opt/st/stm32cubeide_1.13.2_2/plugins/com.st.stm32cube.ide.mcu.externaltools.gnu-tools-for-stm32.11.3.rel1.linux64_1.1.1.202309131626/tools/bin/../lib/gcc/arm-none-eabi/11.3.1/../../../../arm-none-eabi/lib/thumb/v7e-m+fp/hard/libc_nano.a(libc_a-puts.o)
                0x0000000008006b2c                puts
 .text.__sread  0x0000000008006b3c       0x22 /opt/st/stm32cubeide_1.13.2_2/plugins/com.st.stm32cube.ide.mcu.externaltools.gnu-tools-for-stm32.11.3.rel1.linux64_1.1.1.202309131626/tools/bin/../lib/gcc/arm-none-eabi/11.3.1/../../../../arm-none-eabi/lib/thumb/v7e-m+fp/hard/libc_nano.a(libc_a-stdio.o)
                0x0000000008006b3c                __sread
 .text.__swrite
                0x0000000008006b5e       0x38 /opt/st/stm32cubeide_1.13.2_2/plugins/com.st.stm32cube.ide.mcu.externaltools.gnu-tools-for-stm32.11.3.rel1.linux64_1.1.1.202309131626/tools/bin/../lib/gcc/arm-none-eabi/11.3.1/../../../../arm-none-eabi/lib/thumb/v7e-m+fp/hard/libc_nano.a(libc_a-stdio.o)
                0x0000000008006b5e                __swrite
 .text.__sseek  0x0000000008006b96       0x24 /opt/st/stm32cubeide_1.13.2_2/plugins/com.st.stm32cube.ide.mcu.externaltools.gnu-tools-for-stm32.11.3.rel1.linux64_1.1.1.202309131626/tools/bin/../lib/gcc/arm-none-eabi/11.3.1/../../../../arm-none-eabi/lib/thumb/v7e-m+fp/hard/libc_nano.a(libc_a-stdio.o)
                0x0000000008006b96                __sseek
 .text.__sclose
                0x0000000008006bba        0x8 /opt/st/stm32cubeide_1.13.2_2/plugins/com.st.stm32cube.ide.mcu.externaltools.gnu-tools-for-stm32.11.3.rel1.linux64_1.1.1.202309131626/tools/bin/../lib/gcc/arm-none-eabi/11.3.1/../../../../arm-none-eabi/lib/thumb/v7e-m+fp/hard/libc_nano.a(libc_a-stdio.o)
                0x0000000008006bba                __sclose
 .text.__swbuf_r
                0x0000000008006bc2       0x7a /opt/st/stm32cubeide_1.13.2_2/plugins/com.st.stm32cube.ide.mcu.externaltools.gnu-tools-for-stm32.11.3.rel1.linux64_1.1.1.202309131626/tools/bin/../lib/gcc/arm-none-eabi/11.3.1/../../../../arm-none-eabi/lib/thumb/v7e-m+fp/hard/libc_nano.a(libc_a-wbuf.o)
                0x0000000008006bc2                __swbuf_r
 .text.__swsetup_r
                0x0000000008006c3c       0xb0 /opt/st/stm32cubeide_1.13.2_2/plugins/com.st.stm32cube.ide.mcu.externaltools.gnu-tools-for-stm32.11.3.rel1.linux64_1.1.1.202309131626/tools/bin/../lib/gcc/arm-none-eabi/11.3.1/../../../../arm-none-eabi/lib/thumb/v7e-m+fp/hard/libc_nano.a(libc_a-wsetup.o)
                0x0000000008006c3c                __swsetup_r
 .text.memset   0x0000000008006cec       0x10 /opt/st/stm32cubeide_1.13.2_2/plugins/com.st.stm32cube.ide.mcu.externaltools.gnu-tools-for-stm32.11.3.rel1.linux64_1.1.1.202309131626/tools/bin/../lib/gcc/arm-none-eabi/11.3.1/../../../../arm-none-eabi/lib/thumb/v7e-m+fp/hard/libc_nano.a(libc_a-memset.o)
                0x0000000008006cec                memset
 .text._close_r
                0x0000000008006cfc       0x20 /opt/st/stm32cubeide_1.13.2_2/plugins/com.st.stm32cube.ide.mcu.externaltools.gnu-tools-for-stm32.11.3.rel1.linux64_1.1.1.202309131626/tools/bin/../lib/gcc/arm-none-eabi/11.3.1/../../../../arm-none-eabi/lib/thumb/v7e-m+fp/hard/libc_nano.a(libc_a-closer.o)
                0x0000000008006cfc                _close_r
 .text._lseek_r
                0x0000000008006d1c       0x24 /opt/st/stm32cubeide_1.13.2_2/plugins/com.st.stm32cube.ide.mcu.externaltools.gnu-tools-for-stm32.11.3.rel1.linux64_1.1.1.202309131626/tools/bin/../lib/gcc/arm-none-eabi/11.3.1/../../../../arm-none-eabi/lib/thumb/v7e-m+fp/hard/libc_nano.a(libc_a-lseekr.o)
                0x0000000008006d1c                _lseek_r
 .text._read_r  0x0000000008006d40       0x24 /opt/st/stm32cubeide_1.13.2_2/plugins/com.st.stm32cube.ide.mcu.externaltools.gnu-tools-for-stm32.11.3.rel1.linux64_1.1.1.202309131626/tools/bin/../lib/gcc/arm-none-eabi/11.3.1/../../../../arm-none-eabi/lib/thumb/v7e-m+fp/hard/libc_nano.a(libc_a-readr.o)
                0x0000000008006d40                _read_r
 .text._write_r
                0x0000000008006d64       0x24 /opt/st/stm32cubeide_1.13.2_2/plugins/com.st.stm32cube.ide.mcu.externaltools.gnu-tools-for-stm32.11.3.rel1.linux64_1.1.1.202309131626/tools/bin/../lib/gcc/arm-none-eabi/11.3.1/../../../../arm-none-eabi/lib/thumb/v7e-m+fp/hard/libc_nano.a(libc_a-writer.o)
                0x0000000008006d64                _write_r
 .text.__errno  0x0000000008006d88        0xc /opt/st/stm32cubeide_1.13.2_2/plugins/com.st.stm32cube.ide.mcu.externaltools.gnu-tools-for-stm32.11.3.rel1.linux64_1.1.1.202309131626/tools/bin/../lib/gcc/arm-none-eabi/11.3.1/../../../../arm-none-eabi/lib/thumb/v7e-m+fp/hard/libc_nano.a(libc_a-errno.o)
                0x0000000008006d88                __errno
 .text.__libc_init_array
                0x0000000008006d94       0x48 /opt/st/stm32cubeide_1.13.2_2/plugins/com.st.stm32cube.ide.mcu.externaltools.gnu-tools-for-stm32.11.3.rel1.linux64_1.1.1.202309131626/tools/bin/../lib/gcc/arm-none-eabi/11.3.1/../../../../arm-none-eabi/lib/thumb/v7e-m+fp/hard/libc_nano.a(libc_a-init.o)
                0x0000000008006d94                __libc_init_array
 .text.__retarget_lock_init_recursive
                0x0000000008006ddc        0x2 /opt/st/stm32cubeide_1.13.2_2/plugins/com.st.stm32cube.ide.mcu.externaltools.gnu-tools-for-stm32.11.3.rel1.linux64_1.1.1.202309131626/tools/bin/../lib/gcc/arm-none-eabi/11.3.1/../../../../arm-none-eabi/lib/thumb/v7e-m+fp/hard/libc_nano.a(libc_a-lock.o)
                0x0000000008006ddc                __retarget_lock_init_recursive
 .text.__retarget_lock_acquire_recursive
                0x0000000008006dde        0x2 /opt/st/stm32cubeide_1.13.2_2/plugins/com.st.stm32cube.ide.mcu.externaltools.gnu-tools-for-stm32.11.3.rel1.linux64_1.1.1.202309131626/tools/bin/../lib/gcc/arm-none-eabi/11.3.1/../../../../arm-none-eabi/lib/thumb/v7e-m+fp/hard/libc_nano.a(libc_a-lock.o)
                0x0000000008006dde                __retarget_lock_acquire_recursive
 .text.__retarget_lock_release_recursive
                0x0000000008006de0        0x2 /opt/st/stm32cubeide_1.13.2_2/plugins/com.st.stm32cube.ide.mcu.externaltools.gnu-tools-for-stm32.11.3.rel1.linux64_1.1.1.202309131626/tools/bin/../lib/gcc/arm-none-eabi/11.3.1/../../../../arm-none-eabi/lib/thumb/v7e-m+fp/hard/libc_nano.a(libc_a-lock.o)
                0x0000000008006de0                __retarget_lock_release_recursive
 .text.memcpy   0x0000000008006de2       0x1c /opt/st/stm32cubeide_1.13.2_2/plugins/com.st.stm32cube.ide.mcu.externaltools.gnu-tools-for-stm32.11.3.rel1.linux64_1.1.1.202309131626/tools/bin/../lib/gcc/arm-none-eabi/11.3.1/../../../../arm-none-eabi/lib/thumb/v7e-m+fp/hard/libc_nano.a(libc_a-memcpy-stub.o)
                0x0000000008006de2                memcpy
 *fill*         0x0000000008006dfe        0x2 
 .text._free_r  0x0000000008006e00       0x98 /opt/st/stm32cubeide_1.13.2_2/plugins/com.st.stm32cube.ide.mcu.externaltools.gnu-tools-for-stm32.11.3.rel1.linux64_1.1.1.202309131626/tools/bin/../lib/gcc/arm-none-eabi/11.3.1/../../../../arm-none-eabi/lib/thumb/v7e-m+fp/hard/libc_nano.a(libc_a-freer.o)
                0x0000000008006e00                _free_r
 .text.sbrk_aligned
                0x0000000008006e98       0x40 /opt/st/stm32cubeide_1.13.2_2/plugins/com.st.stm32cube.ide.mcu.externaltools.gnu-tools-for-stm32.11.3.rel1.linux64_1.1.1.202309131626/tools/bin/../lib/gcc/arm-none-eabi/11.3.1/../../../../arm-none-eabi/lib/thumb/v7e-m+fp/hard/libc_nano.a(libc_a-mallocr.o)
 .text._malloc_r
                0x0000000008006ed8      0x100 /opt/st/stm32cubeide_1.13.2_2/plugins/com.st.stm32cube.ide.mcu.externaltools.gnu-tools-for-stm32.11.3.rel1.linux64_1.1.1.202309131626/tools/bin/../lib/gcc/arm-none-eabi/11.3.1/../../../../arm-none-eabi/lib/thumb/v7e-m+fp/hard/libc_nano.a(libc_a-mallocr.o)
                0x0000000008006ed8                _malloc_r
 .text.__malloc_lock
                0x0000000008006fd8        0xc /opt/st/stm32cubeide_1.13.2_2/plugins/com.st.stm32cube.ide.mcu.externaltools.gnu-tools-for-stm32.11.3.rel1.linux64_1.1.1.202309131626/tools/bin/../lib/gcc/arm-none-eabi/11.3.1/../../../../arm-none-eabi/lib/thumb/v7e-m+fp/hard/libc_nano.a(libc_a-mlock.o)
                0x0000000008006fd8                __malloc_lock
 .text.__malloc_unlock
                0x0000000008006fe4        0xc /opt/st/stm32cubeide_1.13.2_2/plugins/com.st.stm32cube.ide.mcu.externaltools.gnu-tools-for-stm32.11.3.rel1.linux64_1.1.1.202309131626/tools/bin/../lib/gcc/arm-none-eabi/11.3.1/../../../../arm-none-eabi/lib/thumb/v7e-m+fp/hard/libc_nano.a(libc_a-mlock.o)
                0x0000000008006fe4                __malloc_unlock
 .text.__sfputc_r
                0x0000000008006ff0       0x2e /opt/st/stm32cubeide_1.13.2_2/plugins/com.st.stm32cube.ide.mcu.externaltools.gnu-tools-for-stm32.11.3.rel1.linux64_1.1.1.202309131626/tools/bin/../lib/gcc/arm-none-eabi/11.3.1/../../../../arm-none-eabi/lib/thumb/v7e-m+fp/hard/libc_nano.a(libc_a-nano-vfprintf.o)
 .text.__sfputs_r
                0x000000000800701e       0x24 /opt/st/stm32cubeide_1.13.2_2/plugins/com.st.stm32cube.ide.mcu.externaltools.gnu-tools-for-stm32.11.3.rel1.linux64_1.1.1.202309131626/tools/bin/../lib/gcc/arm-none-eabi/11.3.1/../../../../arm-none-eabi/lib/thumb/v7e-m+fp/hard/libc_nano.a(libc_a-nano-vfprintf.o)
                0x000000000800701e                __sfputs_r
 *fill*         0x0000000008007042        0x2 
 .text._vfprintf_r
                0x0000000008007044      0x234 /opt/st/stm32cubeide_1.13.2_2/plugins/com.st.stm32cube.ide.mcu.externaltools.gnu-tools-for-stm32.11.3.rel1.linux64_1.1.1.202309131626/tools/bin/../lib/gcc/arm-none-eabi/11.3.1/../../../../arm-none-eabi/lib/thumb/v7e-m+fp/hard/libc_nano.a(libc_a-nano-vfprintf.o)
                0x0000000008007044                _vfiprintf_r
                0x0000000008007044                _vfprintf_r
 .text._printf_common
                0x0000000008007278       0xda /opt/st/stm32cubeide_1.13.2_2/plugins/com.st.stm32cube.ide.mcu.externaltools.gnu-tools-for-stm32.11.3.rel1.linux64_1.1.1.202309131626/tools/bin/../lib/gcc/arm-none-eabi/11.3.1/../../../../arm-none-eabi/lib/thumb/v7e-m+fp/hard/libc_nano.a(libc_a-nano-vfprintf_i.o)
                0x0000000008007278                _printf_common
 *fill*         0x0000000008007352        0x2 
 .text._printf_i
                0x0000000008007354      0x244 /opt/st/stm32cubeide_1.13.2_2/plugins/com.st.stm32cube.ide.mcu.externaltools.gnu-tools-for-stm32.11.3.rel1.linux64_1.1.1.202309131626/tools/bin/../lib/gcc/arm-none-eabi/11.3.1/../../../../arm-none-eabi/lib/thumb/v7e-m+fp/hard/libc_nano.a(libc_a-nano-vfprintf_i.o)
                0x0000000008007354                _printf_i
 .text.__sflush_r
                0x0000000008007598      0x10c /opt/st/stm32cubeide_1.13.2_2/plugins/com.st.stm32cube.ide.mcu.externaltools.gnu-tools-for-stm32.11.3.rel1.linux64_1.1.1.202309131626/tools/bin/../lib/gcc/arm-none-eabi/11.3.1/../../../../arm-none-eabi/lib/thumb/v7e-m+fp/hard/libc_nano.a(libc_a-fflush.o)
                0x0000000008007598                __sflush_r
 .text._fflush_r
                0x00000000080076a4       0x50 /opt/st/stm32cubeide_1.13.2_2/plugins/com.st.stm32cube.ide.mcu.externaltools.gnu-tools-for-stm32.11.3.rel1.linux64_1.1.1.202309131626/tools/bin/../lib/gcc/arm-none-eabi/11.3.1/../../../../arm-none-eabi/lib/thumb/v7e-m+fp/hard/libc_nano.a(libc_a-fflush.o)
                0x00000000080076a4                _fflush_r
 .text.__swhatbuf_r
                0x00000000080076f4       0x4c /opt/st/stm32cubeide_1.13.2_2/plugins/com.st.stm32cube.ide.mcu.externaltools.gnu-tools-for-stm32.11.3.rel1.linux64_1.1.1.202309131626/tools/bin/../lib/gcc/arm-none-eabi/11.3.1/../../../../arm-none-eabi/lib/thumb/v7e-m+fp/hard/libc_nano.a(libc_a-makebuf.o)
                0x00000000080076f4                __swhatbuf_r
 .text.__smakebuf_r
                0x0000000008007740       0x78 /opt/st/stm32cubeide_1.13.2_2/plugins/com.st.stm32cube.ide.mcu.externaltools.gnu-tools-for-stm32.11.3.rel1.linux64_1.1.1.202309131626/tools/bin/../lib/gcc/arm-none-eabi/11.3.1/../../../../arm-none-eabi/lib/thumb/v7e-m+fp/hard/libc_nano.a(libc_a-makebuf.o)
                0x0000000008007740                __smakebuf_r
 .text._fstat_r
                0x00000000080077b8       0x24 /opt/st/stm32cubeide_1.13.2_2/plugins/com.st.stm32cube.ide.mcu.externaltools.gnu-tools-for-stm32.11.3.rel1.linux64_1.1.1.202309131626/tools/bin/../lib/gcc/arm-none-eabi/11.3.1/../../../../arm-none-eabi/lib/thumb/v7e-m+fp/hard/libc_nano.a(libc_a-fstatr.o)
                0x00000000080077b8                _fstat_r
 .text._isatty_r
                0x00000000080077dc       0x20 /opt/st/stm32cubeide_1.13.2_2/plugins/com.st.stm32cube.ide.mcu.externaltools.gnu-tools-for-stm32.11.3.rel1.linux64_1.1.1.202309131626/tools/bin/../lib/gcc/arm-none-eabi/11.3.1/../../../../arm-none-eabi/lib/thumb/v7e-m+fp/hard/libc_nano.a(libc_a-isattyr.o)
                0x00000000080077dc                _isatty_r
 .text._sbrk_r  0x00000000080077fc       0x20 /opt/st/stm32cubeide_1.13.2_2/plugins/com.st.stm32cube.ide.mcu.externaltools.gnu-tools-for-stm32.11.3.rel1.linux64_1.1.1.202309131626/tools/bin/../lib/gcc/arm-none-eabi/11.3.1/../../../../arm-none-eabi/lib/thumb/v7e-m+fp/hard/libc_nano.a(libc_a-sbrkr.o)
                0x00000000080077fc                _sbrk_r
 *(.glue_7)
 .glue_7        0x000000000800781c        0x0 linker stubs
 *(.glue_7t)
 .glue_7t       0x000000000800781c        0x0 linker stubs
 *(.eh_frame)
 .eh_frame      0x000000000800781c        0x0 /opt/st/stm32cubeide_1.13.2_2/plugins/com.st.stm32cube.ide.mcu.externaltools.gnu-tools-for-stm32.11.3.rel1.linux64_1.1.1.202309131626/tools/bin/../lib/gcc/arm-none-eabi/11.3.1/thumb/v7e-m+fp/hard/crtbegin.o
 *(.init)
 .init          0x000000000800781c        0x4 /opt/st/stm32cubeide_1.13.2_2/plugins/com.st.stm32cube.ide.mcu.externaltools.gnu-tools-for-stm32.11.3.rel1.linux64_1.1.1.202309131626/tools/bin/../lib/gcc/arm-none-eabi/11.3.1/thumb/v7e-m+fp/hard/crti.o
                0x000000000800781c                _init
 .init          0x0000000008007820        0x8 /opt/st/stm32cubeide_1.13.2_2/plugins/com.st.stm32cube.ide.mcu.externaltools.gnu-tools-for-stm32.11.3.rel1.linux64_1.1.1.202309131626/tools/bin/../lib/gcc/arm-none-eabi/11.3.1/thumb/v7e-m+fp/hard/crtn.o
 *(.fini)
 .fini          0x0000000008007828        0x4 /opt/st/stm32cubeide_1.13.2_2/plugins/com.st.stm32cube.ide.mcu.externaltools.gnu-tools-for-stm32.11.3.rel1.linux64_1.1.1.202309131626/tools/bin/../lib/gcc/arm-none-eabi/11.3.1/thumb/v7e-m+fp/hard/crti.o
                0x0000000008007828                _fini
 .fini          0x000000000800782c        0x8 /opt/st/stm32cubeide_1.13.2_2/plugins/com.st.stm32cube.ide.mcu.externaltools.gnu-tools-for-stm32.11.3.rel1.linux64_1.1.1.202309131626/tools/bin/../lib/gcc/arm-none-eabi/11.3.1/thumb/v7e-m+fp/hard/crtn.o
                0x0000000008007834                . = ALIGN (0x4)
                0x0000000008007834                _etext = .

.vfp11_veneer   0x0000000008007834        0x0
 .vfp11_veneer  0x0000000008007834        0x0 linker stubs

.v4_bx          0x0000000008007834        0x0
 .v4_bx         0x0000000008007834        0x0 linker stubs

.iplt           0x0000000008007834        0x0
 .iplt          0x0000000008007834        0x0 /opt/st/stm32cubeide_1.13.2_2/plugins/com.st.stm32cube.ide.mcu.externaltools.gnu-tools-for-stm32.11.3.rel1.linux64_1.1.1.202309131626/tools/bin/../lib/gcc/arm-none-eabi/11.3.1/thumb/v7e-m+fp/hard/crtbegin.o

.rodata         0x0000000008007834      0x128
                0x0000000008007834                . = ALIGN (0x4)
 *(.rodata)
 .rodata        0x0000000008007834       0x31 ./Core/Src/main.o
 *fill*         0x0000000008007865        0x3 
 .rodata        0x0000000008007868        0x5 ./Middlewares/Third_Party/FreeRTOS/Source/tasks.o
 *fill*         0x000000000800786d        0x3 
 .rodata        0x0000000008007870        0xd ./Middlewares/Third_Party/FreeRTOS/Source/timers.o
 *(.rodata*)
 *fill*         0x000000000800787d        0x3 
 .rodata.Sender_Task_attributes
                0x0000000008007880       0x24 ./Core/Src/main.o
                0x0000000008007880                Sender_Task_attributes
 .rodata.Receiver_Task_attributes
                0x00000000080078a4       0x24 ./Core/Src/main.o
                0x00000000080078a4                Receiver_Task_attributes
 .rodata.Queue_1_attributes
                0x00000000080078c8       0x18 ./Core/Src/main.o
                0x00000000080078c8                Queue_1_attributes
 .rodata.AHBPrescTable
                0x00000000080078e0       0x10 ./Core/Src/system_stm32l4xx.o
                0x00000000080078e0                AHBPrescTable
 .rodata.APBPrescTable
                0x00000000080078f0        0x8 ./Core/Src/system_stm32l4xx.o
                0x00000000080078f0                APBPrescTable
 .rodata.MSIRangeTable
                0x00000000080078f8       0x30 ./Core/Src/system_stm32l4xx.o
                0x00000000080078f8                MSIRangeTable
 .rodata._vfprintf_r.str1.1
                0x0000000008007928       0x11 /opt/st/stm32cubeide_1.13.2_2/plugins/com.st.stm32cube.ide.mcu.externaltools.gnu-tools-for-stm32.11.3.rel1.linux64_1.1.1.202309131626/tools/bin/../lib/gcc/arm-none-eabi/11.3.1/../../../../arm-none-eabi/lib/thumb/v7e-m+fp/hard/libc_nano.a(libc_a-nano-vfprintf.o)
 .rodata._printf_i.str1.1
                0x0000000008007939       0x22 /opt/st/stm32cubeide_1.13.2_2/plugins/com.st.stm32cube.ide.mcu.externaltools.gnu-tools-for-stm32.11.3.rel1.linux64_1.1.1.202309131626/tools/bin/../lib/gcc/arm-none-eabi/11.3.1/../../../../arm-none-eabi/lib/thumb/v7e-m+fp/hard/libc_nano.a(libc_a-nano-vfprintf_i.o)
                0x000000000800795c                . = ALIGN (0x4)
 *fill*         0x000000000800795b        0x1 

.ARM.extab      0x000000000800795c        0x0
                0x000000000800795c                . = ALIGN (0x4)
 *(.ARM.extab* .gnu.linkonce.armextab.*)
                0x000000000800795c                . = ALIGN (0x4)

.ARM            0x000000000800795c        0x8
                0x000000000800795c                . = ALIGN (0x4)
                0x000000000800795c                __exidx_start = .
 *(.ARM.exidx*)
 .ARM.exidx     0x000000000800795c        0x8 /opt/st/stm32cubeide_1.13.2_2/plugins/com.st.stm32cube.ide.mcu.externaltools.gnu-tools-for-stm32.11.3.rel1.linux64_1.1.1.202309131626/tools/bin/../lib/gcc/arm-none-eabi/11.3.1/thumb/v7e-m+fp/hard/libgcc.a(_udivmoddi4.o)
                0x0000000008007964                __exidx_end = .
                0x0000000008007964                . = ALIGN (0x4)

.rel.dyn        0x0000000008007964        0x0
 .rel.iplt      0x0000000008007964        0x0 /opt/st/stm32cubeide_1.13.2_2/plugins/com.st.stm32cube.ide.mcu.externaltools.gnu-tools-for-stm32.11.3.rel1.linux64_1.1.1.202309131626/tools/bin/../lib/gcc/arm-none-eabi/11.3.1/thumb/v7e-m+fp/hard/crtbegin.o

.preinit_array  0x0000000008007964        0x0
                0x0000000008007964                . = ALIGN (0x4)
                0x0000000008007964                PROVIDE (__preinit_array_start = .)
 *(.preinit_array*)
                0x0000000008007964                PROVIDE (__preinit_array_end = .)
                0x0000000008007964                . = ALIGN (0x4)

.init_array     0x0000000008007964        0x4
                0x0000000008007964                . = ALIGN (0x4)
                0x0000000008007964                PROVIDE (__init_array_start = .)
 *(SORT_BY_NAME(.init_array.*))
 *(.init_array*)
 .init_array    0x0000000008007964        0x4 /opt/st/stm32cubeide_1.13.2_2/plugins/com.st.stm32cube.ide.mcu.externaltools.gnu-tools-for-stm32.11.3.rel1.linux64_1.1.1.202309131626/tools/bin/../lib/gcc/arm-none-eabi/11.3.1/thumb/v7e-m+fp/hard/crtbegin.o
                0x0000000008007968                PROVIDE (__init_array_end = .)
                0x0000000008007968                . = ALIGN (0x4)

.fini_array     0x0000000008007968        0x4
                0x0000000008007968                . = ALIGN (0x4)
                [!provide]                        PROVIDE (__fini_array_start = .)
 *(SORT_BY_NAME(.fini_array.*))
 *(.fini_array*)
 .fini_array    0x0000000008007968        0x4 /opt/st/stm32cubeide_1.13.2_2/plugins/com.st.stm32cube.ide.mcu.externaltools.gnu-tools-for-stm32.11.3.rel1.linux64_1.1.1.202309131626/tools/bin/../lib/gcc/arm-none-eabi/11.3.1/thumb/v7e-m+fp/hard/crtbegin.o
                [!provide]                        PROVIDE (__fini_array_end = .)
                0x000000000800796c                . = ALIGN (0x4)
                0x000000000800796c                _sidata = LOADADDR (.data)

.data           0x0000000020000000       0x6c load address 0x000000000800796c
                0x0000000020000000                . = ALIGN (0x4)
                0x0000000020000000                _sdata = .
 *(.data)
 *(.data*)
 .data.SystemCoreClock
                0x0000000020000000        0x4 ./Core/Src/system_stm32l4xx.o
                0x0000000020000000                SystemCoreClock
 .data.uwTickPrio
                0x0000000020000004        0x4 ./Drivers/STM32L4xx_HAL_Driver/Src/stm32l4xx_hal.o
                0x0000000020000004                uwTickPrio
 .data.uwTickFreq
                0x0000000020000008        0x1 ./Drivers/STM32L4xx_HAL_Driver/Src/stm32l4xx_hal.o
                0x0000000020000008                uwTickFreq
 *fill*         0x0000000020000009        0x3 
 .data.uxCriticalNesting
                0x000000002000000c        0x4 ./Middlewares/Third_Party/FreeRTOS/Source/portable/GCC/ARM_CM4F/port.o
 .data.__sglue  0x0000000020000010        0xc /opt/st/stm32cubeide_1.13.2_2/plugins/com.st.stm32cube.ide.mcu.externaltools.gnu-tools-for-stm32.11.3.rel1.linux64_1.1.1.202309131626/tools/bin/../lib/gcc/arm-none-eabi/11.3.1/../../../../arm-none-eabi/lib/thumb/v7e-m+fp/hard/libc_nano.a(libc_a-findfp.o)
                0x0000000020000010                __sglue
 .data._impure_data
                0x000000002000001c       0x4c /opt/st/stm32cubeide_1.13.2_2/plugins/com.st.stm32cube.ide.mcu.externaltools.gnu-tools-for-stm32.11.3.rel1.linux64_1.1.1.202309131626/tools/bin/../lib/gcc/arm-none-eabi/11.3.1/../../../../arm-none-eabi/lib/thumb/v7e-m+fp/hard/libc_nano.a(libc_a-impure.o)
                0x000000002000001c                _impure_data
 .data._impure_ptr
                0x0000000020000068        0x4 /opt/st/stm32cubeide_1.13.2_2/plugins/com.st.stm32cube.ide.mcu.externaltools.gnu-tools-for-stm32.11.3.rel1.linux64_1.1.1.202309131626/tools/bin/../lib/gcc/arm-none-eabi/11.3.1/../../../../arm-none-eabi/lib/thumb/v7e-m+fp/hard/libc_nano.a(libc_a-impure.o)
                0x0000000020000068                _impure_ptr
 *(.RamFunc)
 *(.RamFunc*)
                0x000000002000006c                . = ALIGN (0x4)
                0x000000002000006c                _edata = .

.igot.plt       0x000000002000006c        0x0 load address 0x00000000080079d8
 .igot.plt      0x000000002000006c        0x0 /opt/st/stm32cubeide_1.13.2_2/plugins/com.st.stm32cube.ide.mcu.externaltools.gnu-tools-for-stm32.11.3.rel1.linux64_1.1.1.202309131626/tools/bin/../lib/gcc/arm-none-eabi/11.3.1/thumb/v7e-m+fp/hard/crtbegin.o
                0x000000002000006c                . = ALIGN (0x4)

.bss            0x000000002000006c     0x1b5c load address 0x00000000080079d8
                0x000000002000006c                _sbss = .
                0x000000002000006c                __bss_start__ = _sbss
 *(.bss)
 .bss           0x000000002000006c       0x1c /opt/st/stm32cubeide_1.13.2_2/plugins/com.st.stm32cube.ide.mcu.externaltools.gnu-tools-for-stm32.11.3.rel1.linux64_1.1.1.202309131626/tools/bin/../lib/gcc/arm-none-eabi/11.3.1/thumb/v7e-m+fp/hard/crtbegin.o
 *(.bss*)
 .bss.hlpuart1  0x0000000020000088       0x88 ./Core/Src/main.o
                0x0000000020000088                hlpuart1
 .bss.Sender_TaskHandle
                0x0000000020000110        0x4 ./Core/Src/main.o
                0x0000000020000110                Sender_TaskHandle
 .bss.Receiver_TaskHandle
                0x0000000020000114        0x4 ./Core/Src/main.o
                0x0000000020000114                Receiver_TaskHandle
 .bss.Queue_1Handle
                0x0000000020000118        0x4 ./Core/Src/main.o
                0x0000000020000118                Queue_1Handle
 .bss.r_state   0x000000002000011c        0x4 ./Core/Src/main.o
                0x000000002000011c                r_state
 .bss.htim6     0x0000000020000120       0x4c ./Core/Src/stm32l4xx_hal_timebase_tim.o
                0x0000000020000120                htim6
 .bss.__sbrk_heap_end
                0x000000002000016c        0x4 ./Core/Src/sysmem.o
 .bss.uwTick    0x0000000020000170        0x4 ./Drivers/STM32L4xx_HAL_Driver/Src/stm32l4xx_hal.o
                0x0000000020000170                uwTick
 .bss.KernelState
                0x0000000020000174        0x4 ./Middlewares/Third_Party/FreeRTOS/Source/CMSIS_RTOS_V2/cmsis_os2.o
 .bss.Idle_TCB.3
                0x0000000020000178       0x5c ./Middlewares/Third_Party/FreeRTOS/Source/CMSIS_RTOS_V2/cmsis_os2.o
 .bss.Idle_Stack.2
                0x00000000200001d4      0x200 ./Middlewares/Third_Party/FreeRTOS/Source/CMSIS_RTOS_V2/cmsis_os2.o
 .bss.Timer_TCB.1
                0x00000000200003d4       0x5c ./Middlewares/Third_Party/FreeRTOS/Source/CMSIS_RTOS_V2/cmsis_os2.o
 .bss.Timer_Stack.0
                0x0000000020000430      0x400 ./Middlewares/Third_Party/FreeRTOS/Source/CMSIS_RTOS_V2/cmsis_os2.o
 .bss.xQueueRegistry
                0x0000000020000830       0x40 ./Middlewares/Third_Party/FreeRTOS/Source/queue.o
                0x0000000020000830                xQueueRegistry
 .bss.pxCurrentTCB
                0x0000000020000870        0x4 ./Middlewares/Third_Party/FreeRTOS/Source/tasks.o
                0x0000000020000870                pxCurrentTCB
 .bss.pxReadyTasksLists
                0x0000000020000874      0x460 ./Middlewares/Third_Party/FreeRTOS/Source/tasks.o
 .bss.xDelayedTaskList1
                0x0000000020000cd4       0x14 ./Middlewares/Third_Party/FreeRTOS/Source/tasks.o
 .bss.xDelayedTaskList2
                0x0000000020000ce8       0x14 ./Middlewares/Third_Party/FreeRTOS/Source/tasks.o
 .bss.pxDelayedTaskList
                0x0000000020000cfc        0x4 ./Middlewares/Third_Party/FreeRTOS/Source/tasks.o
 .bss.pxOverflowDelayedTaskList
                0x0000000020000d00        0x4 ./Middlewares/Third_Party/FreeRTOS/Source/tasks.o
 .bss.xPendingReadyList
                0x0000000020000d04       0x14 ./Middlewares/Third_Party/FreeRTOS/Source/tasks.o
 .bss.xTasksWaitingTermination
                0x0000000020000d18       0x14 ./Middlewares/Third_Party/FreeRTOS/Source/tasks.o
 .bss.uxDeletedTasksWaitingCleanUp
                0x0000000020000d2c        0x4 ./Middlewares/Third_Party/FreeRTOS/Source/tasks.o
 .bss.xSuspendedTaskList
                0x0000000020000d30       0x14 ./Middlewares/Third_Party/FreeRTOS/Source/tasks.o
 .bss.uxCurrentNumberOfTasks
                0x0000000020000d44        0x4 ./Middlewares/Third_Party/FreeRTOS/Source/tasks.o
 .bss.xTickCount
                0x0000000020000d48        0x4 ./Middlewares/Third_Party/FreeRTOS/Source/tasks.o
 .bss.uxTopReadyPriority
                0x0000000020000d4c        0x4 ./Middlewares/Third_Party/FreeRTOS/Source/tasks.o
 .bss.xSchedulerRunning
                0x0000000020000d50        0x4 ./Middlewares/Third_Party/FreeRTOS/Source/tasks.o
 .bss.xPendedTicks
                0x0000000020000d54        0x4 ./Middlewares/Third_Party/FreeRTOS/Source/tasks.o
 .bss.xYieldPending
                0x0000000020000d58        0x4 ./Middlewares/Third_Party/FreeRTOS/Source/tasks.o
 .bss.xNumOfOverflows
                0x0000000020000d5c        0x4 ./Middlewares/Third_Party/FreeRTOS/Source/tasks.o
 .bss.uxTaskNumber
                0x0000000020000d60        0x4 ./Middlewares/Third_Party/FreeRTOS/Source/tasks.o
 .bss.xNextTaskUnblockTime
                0x0000000020000d64        0x4 ./Middlewares/Third_Party/FreeRTOS/Source/tasks.o
 .bss.xIdleTaskHandle
                0x0000000020000d68        0x4 ./Middlewares/Third_Party/FreeRTOS/Source/tasks.o
 .bss.uxSchedulerSuspended
                0x0000000020000d6c        0x4 ./Middlewares/Third_Party/FreeRTOS/Source/tasks.o
 .bss.xActiveTimerList1
                0x0000000020000d70       0x14 ./Middlewares/Third_Party/FreeRTOS/Source/timers.o
 .bss.xActiveTimerList2
                0x0000000020000d84       0x14 ./Middlewares/Third_Party/FreeRTOS/Source/timers.o
 .bss.pxCurrentTimerList
                0x0000000020000d98        0x4 ./Middlewares/Third_Party/FreeRTOS/Source/timers.o
 .bss.pxOverflowTimerList
                0x0000000020000d9c        0x4 ./Middlewares/Third_Party/FreeRTOS/Source/timers.o
 .bss.xTimerQueue
                0x0000000020000da0        0x4 ./Middlewares/Third_Party/FreeRTOS/Source/timers.o
 .bss.xTimerTaskHandle
                0x0000000020000da4        0x4 ./Middlewares/Third_Party/FreeRTOS/Source/timers.o
 .bss.xLastTime.2
                0x0000000020000da8        0x4 ./Middlewares/Third_Party/FreeRTOS/Source/timers.o
 .bss.ucStaticTimerQueueStorage.1
                0x0000000020000dac       0xa0 ./Middlewares/Third_Party/FreeRTOS/Source/timers.o
 .bss.xStaticTimerQueue.0
                0x0000000020000e4c       0x50 ./Middlewares/Third_Party/FreeRTOS/Source/timers.o
 .bss.ucMaxSysCallPriority
                0x0000000020000e9c        0x1 ./Middlewares/Third_Party/FreeRTOS/Source/portable/GCC/ARM_CM4F/port.o
 *fill*         0x0000000020000e9d        0x3 
 .bss.ulMaxPRIGROUPValue
                0x0000000020000ea0        0x4 ./Middlewares/Third_Party/FreeRTOS/Source/portable/GCC/ARM_CM4F/port.o
 .bss.ucHeap    0x0000000020000ea4      0xbb8 ./Middlewares/Third_Party/FreeRTOS/Source/portable/MemMang/heap_4.o
 .bss.xStart    0x0000000020001a5c        0x8 ./Middlewares/Third_Party/FreeRTOS/Source/portable/MemMang/heap_4.o
 .bss.pxEnd     0x0000000020001a64        0x4 ./Middlewares/Third_Party/FreeRTOS/Source/portable/MemMang/heap_4.o
 .bss.xFreeBytesRemaining
                0x0000000020001a68        0x4 ./Middlewares/Third_Party/FreeRTOS/Source/portable/MemMang/heap_4.o
 .bss.xMinimumEverFreeBytesRemaining
                0x0000000020001a6c        0x4 ./Middlewares/Third_Party/FreeRTOS/Source/portable/MemMang/heap_4.o
 .bss.xNumberOfSuccessfulAllocations
                0x0000000020001a70        0x4 ./Middlewares/Third_Party/FreeRTOS/Source/portable/MemMang/heap_4.o
 .bss.xNumberOfSuccessfulFrees
                0x0000000020001a74        0x4 ./Middlewares/Third_Party/FreeRTOS/Source/portable/MemMang/heap_4.o
 .bss.xBlockAllocatedBit
                0x0000000020001a78        0x4 ./Middlewares/Third_Party/FreeRTOS/Source/portable/MemMang/heap_4.o
 .bss.__sf      0x0000000020001a7c      0x138 /opt/st/stm32cubeide_1.13.2_2/plugins/com.st.stm32cube.ide.mcu.externaltools.gnu-tools-for-stm32.11.3.rel1.linux64_1.1.1.202309131626/tools/bin/../lib/gcc/arm-none-eabi/11.3.1/../../../../arm-none-eabi/lib/thumb/v7e-m+fp/hard/libc_nano.a(libc_a-findfp.o)
                0x0000000020001a7c                __sf
 .bss.__stdio_exit_handler
                0x0000000020001bb4        0x4 /opt/st/stm32cubeide_1.13.2_2/plugins/com.st.stm32cube.ide.mcu.externaltools.gnu-tools-for-stm32.11.3.rel1.linux64_1.1.1.202309131626/tools/bin/../lib/gcc/arm-none-eabi/11.3.1/../../../../arm-none-eabi/lib/thumb/v7e-m+fp/hard/libc_nano.a(libc_a-findfp.o)
                0x0000000020001bb4                __stdio_exit_handler
 .bss.errno     0x0000000020001bb8        0x4 /opt/st/stm32cubeide_1.13.2_2/plugins/com.st.stm32cube.ide.mcu.externaltools.gnu-tools-for-stm32.11.3.rel1.linux64_1.1.1.202309131626/tools/bin/../lib/gcc/arm-none-eabi/11.3.1/../../../../arm-none-eabi/lib/thumb/v7e-m+fp/hard/libc_nano.a(libc_a-reent.o)
                0x0000000020001bb8                errno
 .bss.__lock___malloc_recursive_mutex
                0x0000000020001bbc        0x1 /opt/st/stm32cubeide_1.13.2_2/plugins/com.st.stm32cube.ide.mcu.externaltools.gnu-tools-for-stm32.11.3.rel1.linux64_1.1.1.202309131626/tools/bin/../lib/gcc/arm-none-eabi/11.3.1/../../../../arm-none-eabi/lib/thumb/v7e-m+fp/hard/libc_nano.a(libc_a-lock.o)
                0x0000000020001bbc                __lock___malloc_recursive_mutex
 .bss.__lock___sfp_recursive_mutex
                0x0000000020001bbd        0x1 /opt/st/stm32cubeide_1.13.2_2/plugins/com.st.stm32cube.ide.mcu.externaltools.gnu-tools-for-stm32.11.3.rel1.linux64_1.1.1.202309131626/tools/bin/../lib/gcc/arm-none-eabi/11.3.1/../../../../arm-none-eabi/lib/thumb/v7e-m+fp/hard/libc_nano.a(libc_a-lock.o)
                0x0000000020001bbd                __lock___sfp_recursive_mutex
 *fill*         0x0000000020001bbe        0x2 
 .bss.__malloc_free_list
                0x0000000020001bc0        0x4 /opt/st/stm32cubeide_1.13.2_2/plugins/com.st.stm32cube.ide.mcu.externaltools.gnu-tools-for-stm32.11.3.rel1.linux64_1.1.1.202309131626/tools/bin/../lib/gcc/arm-none-eabi/11.3.1/../../../../arm-none-eabi/lib/thumb/v7e-m+fp/hard/libc_nano.a(libc_a-mallocr.o)
                0x0000000020001bc0                __malloc_free_list
 .bss.__malloc_sbrk_start
                0x0000000020001bc4        0x4 /opt/st/stm32cubeide_1.13.2_2/plugins/com.st.stm32cube.ide.mcu.externaltools.gnu-tools-for-stm32.11.3.rel1.linux64_1.1.1.202309131626/tools/bin/../lib/gcc/arm-none-eabi/11.3.1/../../../../arm-none-eabi/lib/thumb/v7e-m+fp/hard/libc_nano.a(libc_a-mallocr.o)
                0x0000000020001bc4                __malloc_sbrk_start
 *(COMMON)
                0x0000000020001bc8                . = ALIGN (0x4)
                0x0000000020001bc8                _ebss = .
                0x0000000020001bc8                __bss_end__ = _ebss

._user_heap_stack
                0x0000000020001bc8      0x600 load address 0x00000000080079d8
                0x0000000020001bc8                . = ALIGN (0x8)
                [!provide]                        PROVIDE (end = .)
                0x0000000020001bc8                PROVIDE (_end = .)
                0x0000000020001dc8                . = (. + _Min_Heap_Size)
 *fill*         0x0000000020001bc8      0x200 
                0x00000000200021c8                . = (. + _Min_Stack_Size)
 *fill*         0x0000000020001dc8      0x400 
                0x00000000200021c8                . = ALIGN (0x8)

/DISCARD/
 libc.a(*)
 libm.a(*)
 libgcc.a(*)

.ARM.attributes
                0x0000000000000000       0x30
 *(.ARM.attributes)
 .ARM.attributes
                0x0000000000000000       0x1e /opt/st/stm32cubeide_1.13.2_2/plugins/com.st.stm32cube.ide.mcu.externaltools.gnu-tools-for-stm32.11.3.rel1.linux64_1.1.1.202309131626/tools/bin/../lib/gcc/arm-none-eabi/11.3.1/thumb/v7e-m+fp/hard/crti.o
 .ARM.attributes
                0x000000000000001e       0x34 /opt/st/stm32cubeide_1.13.2_2/plugins/com.st.stm32cube.ide.mcu.externaltools.gnu-tools-for-stm32.11.3.rel1.linux64_1.1.1.202309131626/tools/bin/../lib/gcc/arm-none-eabi/11.3.1/thumb/v7e-m+fp/hard/crtbegin.o
 .ARM.attributes
                0x0000000000000052       0x34 ./Core/Src/main.o
 .ARM.attributes
                0x0000000000000086       0x34 ./Core/Src/stm32l4xx_hal_msp.o
 .ARM.attributes
                0x00000000000000ba       0x34 ./Core/Src/stm32l4xx_hal_timebase_tim.o
 .ARM.attributes
                0x00000000000000ee       0x34 ./Core/Src/stm32l4xx_it.o
 .ARM.attributes
                0x0000000000000122       0x34 ./Core/Src/syscalls.o
 .ARM.attributes
                0x0000000000000156       0x34 ./Core/Src/sysmem.o
 .ARM.attributes
                0x000000000000018a       0x34 ./Core/Src/system_stm32l4xx.o
 .ARM.attributes
                0x00000000000001be       0x21 ./Core/Startup/startup_stm32l4a6zgtx.o
 .ARM.attributes
                0x00000000000001df       0x34 ./Drivers/STM32L4xx_HAL_Driver/Src/stm32l4xx_hal.o
 .ARM.attributes
                0x0000000000000213       0x34 ./Drivers/STM32L4xx_HAL_Driver/Src/stm32l4xx_hal_cortex.o
 .ARM.attributes
                0x0000000000000247       0x34 ./Drivers/STM32L4xx_HAL_Driver/Src/stm32l4xx_hal_gpio.o
 .ARM.attributes
                0x000000000000027b       0x34 ./Drivers/STM32L4xx_HAL_Driver/Src/stm32l4xx_hal_pwr_ex.o
 .ARM.attributes
                0x00000000000002af       0x34 ./Drivers/STM32L4xx_HAL_Driver/Src/stm32l4xx_hal_rcc.o
 .ARM.attributes
                0x00000000000002e3       0x34 ./Drivers/STM32L4xx_HAL_Driver/Src/stm32l4xx_hal_rcc_ex.o
 .ARM.attributes
                0x0000000000000317       0x34 ./Drivers/STM32L4xx_HAL_Driver/Src/stm32l4xx_hal_tim.o
 .ARM.attributes
                0x000000000000034b       0x34 ./Drivers/STM32L4xx_HAL_Driver/Src/stm32l4xx_hal_tim_ex.o
 .ARM.attributes
                0x000000000000037f       0x34 ./Drivers/STM32L4xx_HAL_Driver/Src/stm32l4xx_hal_uart.o
 .ARM.attributes
                0x00000000000003b3       0x34 ./Middlewares/Third_Party/FreeRTOS/Source/CMSIS_RTOS_V2/cmsis_os2.o
 .ARM.attributes
                0x00000000000003e7       0x34 ./Middlewares/Third_Party/FreeRTOS/Source/list.o
 .ARM.attributes
                0x000000000000041b       0x34 ./Middlewares/Third_Party/FreeRTOS/Source/queue.o
 .ARM.attributes
                0x000000000000044f       0x34 ./Middlewares/Third_Party/FreeRTOS/Source/tasks.o
 .ARM.attributes
                0x0000000000000483       0x34 ./Middlewares/Third_Party/FreeRTOS/Source/timers.o
 .ARM.attributes
                0x00000000000004b7       0x34 ./Middlewares/Third_Party/FreeRTOS/Source/portable/GCC/ARM_CM4F/port.o
 .ARM.attributes
                0x00000000000004eb       0x34 ./Middlewares/Third_Party/FreeRTOS/Source/portable/MemMang/heap_4.o
 .ARM.attributes
                0x000000000000051f       0x34 /opt/st/stm32cubeide_1.13.2_2/plugins/com.st.stm32cube.ide.mcu.externaltools.gnu-tools-for-stm32.11.3.rel1.linux64_1.1.1.202309131626/tools/bin/../lib/gcc/arm-none-eabi/11.3.1/../../../../arm-none-eabi/lib/thumb/v7e-m+fp/hard/libc_nano.a(libc_a-findfp.o)
 .ARM.attributes
                0x0000000000000553       0x34 /opt/st/stm32cubeide_1.13.2_2/plugins/com.st.stm32cube.ide.mcu.externaltools.gnu-tools-for-stm32.11.3.rel1.linux64_1.1.1.202309131626/tools/bin/../lib/gcc/arm-none-eabi/11.3.1/../../../../arm-none-eabi/lib/thumb/v7e-m+fp/hard/libc_nano.a(libc_a-fwalk.o)
 .ARM.attributes
                0x0000000000000587       0x34 /opt/st/stm32cubeide_1.13.2_2/plugins/com.st.stm32cube.ide.mcu.externaltools.gnu-tools-for-stm32.11.3.rel1.linux64_1.1.1.202309131626/tools/bin/../lib/gcc/arm-none-eabi/11.3.1/../../../../arm-none-eabi/lib/thumb/v7e-m+fp/hard/libc_nano.a(libc_a-printf.o)
 .ARM.attributes
                0x00000000000005bb       0x34 /opt/st/stm32cubeide_1.13.2_2/plugins/com.st.stm32cube.ide.mcu.externaltools.gnu-tools-for-stm32.11.3.rel1.linux64_1.1.1.202309131626/tools/bin/../lib/gcc/arm-none-eabi/11.3.1/../../../../arm-none-eabi/lib/thumb/v7e-m+fp/hard/libc_nano.a(libc_a-puts.o)
 .ARM.attributes
                0x00000000000005ef       0x34 /opt/st/stm32cubeide_1.13.2_2/plugins/com.st.stm32cube.ide.mcu.externaltools.gnu-tools-for-stm32.11.3.rel1.linux64_1.1.1.202309131626/tools/bin/../lib/gcc/arm-none-eabi/11.3.1/../../../../arm-none-eabi/lib/thumb/v7e-m+fp/hard/libc_nano.a(libc_a-stdio.o)
 .ARM.attributes
                0x0000000000000623       0x34 /opt/st/stm32cubeide_1.13.2_2/plugins/com.st.stm32cube.ide.mcu.externaltools.gnu-tools-for-stm32.11.3.rel1.linux64_1.1.1.202309131626/tools/bin/../lib/gcc/arm-none-eabi/11.3.1/../../../../arm-none-eabi/lib/thumb/v7e-m+fp/hard/libc_nano.a(libc_a-wbuf.o)
 .ARM.attributes
                0x0000000000000657       0x34 /opt/st/stm32cubeide_1.13.2_2/plugins/com.st.stm32cube.ide.mcu.externaltools.gnu-tools-for-stm32.11.3.rel1.linux64_1.1.1.202309131626/tools/bin/../lib/gcc/arm-none-eabi/11.3.1/../../../../arm-none-eabi/lib/thumb/v7e-m+fp/hard/libc_nano.a(libc_a-wsetup.o)
 .ARM.attributes
                0x000000000000068b       0x34 /opt/st/stm32cubeide_1.13.2_2/plugins/com.st.stm32cube.ide.mcu.externaltools.gnu-tools-for-stm32.11.3.rel1.linux64_1.1.1.202309131626/tools/bin/../lib/gcc/arm-none-eabi/11.3.1/../../../../arm-none-eabi/lib/thumb/v7e-m+fp/hard/libc_nano.a(libc_a-memset.o)
 .ARM.attributes
                0x00000000000006bf       0x34 /opt/st/stm32cubeide_1.13.2_2/plugins/com.st.stm32cube.ide.mcu.externaltools.gnu-tools-for-stm32.11.3.rel1.linux64_1.1.1.202309131626/tools/bin/../lib/gcc/arm-none-eabi/11.3.1/../../../../arm-none-eabi/lib/thumb/v7e-m+fp/hard/libc_nano.a(libc_a-closer.o)
 .ARM.attributes
                0x00000000000006f3       0x34 /opt/st/stm32cubeide_1.13.2_2/plugins/com.st.stm32cube.ide.mcu.externaltools.gnu-tools-for-stm32.11.3.rel1.linux64_1.1.1.202309131626/tools/bin/../lib/gcc/arm-none-eabi/11.3.1/../../../../arm-none-eabi/lib/thumb/v7e-m+fp/hard/libc_nano.a(libc_a-reent.o)
 .ARM.attributes
                0x0000000000000727       0x34 /opt/st/stm32cubeide_1.13.2_2/plugins/com.st.stm32cube.ide.mcu.externaltools.gnu-tools-for-stm32.11.3.rel1.linux64_1.1.1.202309131626/tools/bin/../lib/gcc/arm-none-eabi/11.3.1/../../../../arm-none-eabi/lib/thumb/v7e-m+fp/hard/libc_nano.a(libc_a-impure.o)
 .ARM.attributes
                0x000000000000075b       0x34 /opt/st/stm32cubeide_1.13.2_2/plugins/com.st.stm32cube.ide.mcu.externaltools.gnu-tools-for-stm32.11.3.rel1.linux64_1.1.1.202309131626/tools/bin/../lib/gcc/arm-none-eabi/11.3.1/../../../../arm-none-eabi/lib/thumb/v7e-m+fp/hard/libc_nano.a(libc_a-lseekr.o)
 .ARM.attributes
                0x000000000000078f       0x34 /opt/st/stm32cubeide_1.13.2_2/plugins/com.st.stm32cube.ide.mcu.externaltools.gnu-tools-for-stm32.11.3.rel1.linux64_1.1.1.202309131626/tools/bin/../lib/gcc/arm-none-eabi/11.3.1/../../../../arm-none-eabi/lib/thumb/v7e-m+fp/hard/libc_nano.a(libc_a-readr.o)
 .ARM.attributes
                0x00000000000007c3       0x34 /opt/st/stm32cubeide_1.13.2_2/plugins/com.st.stm32cube.ide.mcu.externaltools.gnu-tools-for-stm32.11.3.rel1.linux64_1.1.1.202309131626/tools/bin/../lib/gcc/arm-none-eabi/11.3.1/../../../../arm-none-eabi/lib/thumb/v7e-m+fp/hard/libc_nano.a(libc_a-writer.o)
 .ARM.attributes
                0x00000000000007f7       0x34 /opt/st/stm32cubeide_1.13.2_2/plugins/com.st.stm32cube.ide.mcu.externaltools.gnu-tools-for-stm32.11.3.rel1.linux64_1.1.1.202309131626/tools/bin/../lib/gcc/arm-none-eabi/11.3.1/../../../../arm-none-eabi/lib/thumb/v7e-m+fp/hard/libc_nano.a(libc_a-errno.o)
 .ARM.attributes
                0x000000000000082b       0x34 /opt/st/stm32cubeide_1.13.2_2/plugins/com.st.stm32cube.ide.mcu.externaltools.gnu-tools-for-stm32.11.3.rel1.linux64_1.1.1.202309131626/tools/bin/../lib/gcc/arm-none-eabi/11.3.1/../../../../arm-none-eabi/lib/thumb/v7e-m+fp/hard/libc_nano.a(libc_a-init.o)
 .ARM.attributes
                0x000000000000085f       0x34 /opt/st/stm32cubeide_1.13.2_2/plugins/com.st.stm32cube.ide.mcu.externaltools.gnu-tools-for-stm32.11.3.rel1.linux64_1.1.1.202309131626/tools/bin/../lib/gcc/arm-none-eabi/11.3.1/../../../../arm-none-eabi/lib/thumb/v7e-m+fp/hard/libc_nano.a(libc_a-lock.o)
 .ARM.attributes
                0x0000000000000893       0x34 /opt/st/stm32cubeide_1.13.2_2/plugins/com.st.stm32cube.ide.mcu.externaltools.gnu-tools-for-stm32.11.3.rel1.linux64_1.1.1.202309131626/tools/bin/../lib/gcc/arm-none-eabi/11.3.1/../../../../arm-none-eabi/lib/thumb/v7e-m+fp/hard/libc_nano.a(libc_a-memcpy-stub.o)
 .ARM.attributes
                0x00000000000008c7       0x34 /opt/st/stm32cubeide_1.13.2_2/plugins/com.st.stm32cube.ide.mcu.externaltools.gnu-tools-for-stm32.11.3.rel1.linux64_1.1.1.202309131626/tools/bin/../lib/gcc/arm-none-eabi/11.3.1/../../../../arm-none-eabi/lib/thumb/v7e-m+fp/hard/libc_nano.a(libc_a-freer.o)
 .ARM.attributes
                0x00000000000008fb       0x34 /opt/st/stm32cubeide_1.13.2_2/plugins/com.st.stm32cube.ide.mcu.externaltools.gnu-tools-for-stm32.11.3.rel1.linux64_1.1.1.202309131626/tools/bin/../lib/gcc/arm-none-eabi/11.3.1/../../../../arm-none-eabi/lib/thumb/v7e-m+fp/hard/libc_nano.a(libc_a-mallocr.o)
 .ARM.attributes
                0x000000000000092f       0x34 /opt/st/stm32cubeide_1.13.2_2/plugins/com.st.stm32cube.ide.mcu.externaltools.gnu-tools-for-stm32.11.3.rel1.linux64_1.1.1.202309131626/tools/bin/../lib/gcc/arm-none-eabi/11.3.1/../../../../arm-none-eabi/lib/thumb/v7e-m+fp/hard/libc_nano.a(libc_a-mlock.o)
 .ARM.attributes
                0x0000000000000963       0x34 /opt/st/stm32cubeide_1.13.2_2/plugins/com.st.stm32cube.ide.mcu.externaltools.gnu-tools-for-stm32.11.3.rel1.linux64_1.1.1.202309131626/tools/bin/../lib/gcc/arm-none-eabi/11.3.1/../../../../arm-none-eabi/lib/thumb/v7e-m+fp/hard/libc_nano.a(libc_a-nano-vfprintf.o)
 .ARM.attributes
                0x0000000000000997       0x34 /opt/st/stm32cubeide_1.13.2_2/plugins/com.st.stm32cube.ide.mcu.externaltools.gnu-tools-for-stm32.11.3.rel1.linux64_1.1.1.202309131626/tools/bin/../lib/gcc/arm-none-eabi/11.3.1/../../../../arm-none-eabi/lib/thumb/v7e-m+fp/hard/libc_nano.a(libc_a-nano-vfprintf_i.o)
 .ARM.attributes
                0x00000000000009cb       0x34 /opt/st/stm32cubeide_1.13.2_2/plugins/com.st.stm32cube.ide.mcu.externaltools.gnu-tools-for-stm32.11.3.rel1.linux64_1.1.1.202309131626/tools/bin/../lib/gcc/arm-none-eabi/11.3.1/../../../../arm-none-eabi/lib/thumb/v7e-m+fp/hard/libc_nano.a(libc_a-fflush.o)
 .ARM.attributes
                0x00000000000009ff       0x34 /opt/st/stm32cubeide_1.13.2_2/plugins/com.st.stm32cube.ide.mcu.externaltools.gnu-tools-for-stm32.11.3.rel1.linux64_1.1.1.202309131626/tools/bin/../lib/gcc/arm-none-eabi/11.3.1/../../../../arm-none-eabi/lib/thumb/v7e-m+fp/hard/libc_nano.a(libc_a-makebuf.o)
 .ARM.attributes
                0x0000000000000a33       0x34 /opt/st/stm32cubeide_1.13.2_2/plugins/com.st.stm32cube.ide.mcu.externaltools.gnu-tools-for-stm32.11.3.rel1.linux64_1.1.1.202309131626/tools/bin/../lib/gcc/arm-none-eabi/11.3.1/../../../../arm-none-eabi/lib/thumb/v7e-m+fp/hard/libc_nano.a(libc_a-fstatr.o)
 .ARM.attributes
                0x0000000000000a67       0x34 /opt/st/stm32cubeide_1.13.2_2/plugins/com.st.stm32cube.ide.mcu.externaltools.gnu-tools-for-stm32.11.3.rel1.linux64_1.1.1.202309131626/tools/bin/../lib/gcc/arm-none-eabi/11.3.1/../../../../arm-none-eabi/lib/thumb/v7e-m+fp/hard/libc_nano.a(libc_a-isattyr.o)
 .ARM.attributes
                0x0000000000000a9b       0x34 /opt/st/stm32cubeide_1.13.2_2/plugins/com.st.stm32cube.ide.mcu.externaltools.gnu-tools-for-stm32.11.3.rel1.linux64_1.1.1.202309131626/tools/bin/../lib/gcc/arm-none-eabi/11.3.1/../../../../arm-none-eabi/lib/thumb/v7e-m+fp/hard/libc_nano.a(libc_a-sbrkr.o)
 .ARM.attributes
                0x0000000000000acf       0x1c /opt/st/stm32cubeide_1.13.2_2/plugins/com.st.stm32cube.ide.mcu.externaltools.gnu-tools-for-stm32.11.3.rel1.linux64_1.1.1.202309131626/tools/bin/../lib/gcc/arm-none-eabi/11.3.1/../../../../arm-none-eabi/lib/thumb/v7e-m+fp/hard/libc_nano.a(libc_a-memchr.o)
 .ARM.attributes
                0x0000000000000aeb       0x1e /opt/st/stm32cubeide_1.13.2_2/plugins/com.st.stm32cube.ide.mcu.externaltools.gnu-tools-for-stm32.11.3.rel1.linux64_1.1.1.202309131626/tools/bin/../lib/gcc/arm-none-eabi/11.3.1/thumb/v7e-m+fp/hard/libgcc.a(_aeabi_uldivmod.o)
 .ARM.attributes
                0x0000000000000b09       0x34 /opt/st/stm32cubeide_1.13.2_2/plugins/com.st.stm32cube.ide.mcu.externaltools.gnu-tools-for-stm32.11.3.rel1.linux64_1.1.1.202309131626/tools/bin/../lib/gcc/arm-none-eabi/11.3.1/thumb/v7e-m+fp/hard/libgcc.a(_udivmoddi4.o)
 .ARM.attributes
                0x0000000000000b3d       0x1e /opt/st/stm32cubeide_1.13.2_2/plugins/com.st.stm32cube.ide.mcu.externaltools.gnu-tools-for-stm32.11.3.rel1.linux64_1.1.1.202309131626/tools/bin/../lib/gcc/arm-none-eabi/11.3.1/thumb/v7e-m+fp/hard/libgcc.a(_dvmd_tls.o)
 .ARM.attributes
                0x0000000000000b5b       0x1e /opt/st/stm32cubeide_1.13.2_2/plugins/com.st.stm32cube.ide.mcu.externaltools.gnu-tools-for-stm32.11.3.rel1.linux64_1.1.1.202309131626/tools/bin/../lib/gcc/arm-none-eabi/11.3.1/thumb/v7e-m+fp/hard/crtn.o
OUTPUT(FreeRTOS_Queue.elf elf32-littlearm)
LOAD linker stubs
LOAD /opt/st/stm32cubeide_1.13.2_2/plugins/com.st.stm32cube.ide.mcu.externaltools.gnu-tools-for-stm32.11.3.rel1.linux64_1.1.1.202309131626/tools/bin/../lib/gcc/arm-none-eabi/11.3.1/../../../../arm-none-eabi/lib/thumb/v7e-m+fp/hard/libc.a
LOAD /opt/st/stm32cubeide_1.13.2_2/plugins/com.st.stm32cube.ide.mcu.externaltools.gnu-tools-for-stm32.11.3.rel1.linux64_1.1.1.202309131626/tools/bin/../lib/gcc/arm-none-eabi/11.3.1/../../../../arm-none-eabi/lib/thumb/v7e-m+fp/hard/libm.a
LOAD /opt/st/stm32cubeide_1.13.2_2/plugins/com.st.stm32cube.ide.mcu.externaltools.gnu-tools-for-stm32.11.3.rel1.linux64_1.1.1.202309131626/tools/bin/../lib/gcc/arm-none-eabi/11.3.1/thumb/v7e-m+fp/hard/libgcc.a

.comment        0x0000000000000000       0x43